Archive member included to satisfy reference by file (symbol)

C:\Users\Julian\Documents\electronica_digital2\EDU-CIAA-FIRMWARE\lpc_chip_43xx\Debug\liblpc_chip_43xx.a(fpu_init.o)
                              ./libraries/lpc4337_specific/src/sysinit.o (fpuInit)
C:\Users\Julian\Documents\electronica_digital2\EDU-CIAA-FIRMWARE\lpc_chip_43xx\Debug\liblpc_chip_43xx.a(sysinit_18xx_43xx.o)
                              ./libraries/lpc4337_specific/src/sysinit.o (Chip_SystemInit)
C:\Users\Julian\Documents\electronica_digital2\EDU-CIAA-FIRMWARE\lpc_chip_43xx\Debug\liblpc_chip_43xx.a(clock_18xx_43xx.o)
                              C:\Users\Julian\Documents\electronica_digital2\EDU-CIAA-FIRMWARE\lpc_chip_43xx\Debug\liblpc_chip_43xx.a(sysinit_18xx_43xx.o) (Chip_Clock_EnableCrystal)
c:/nxp/mcuxpressoide_11.0.0_2516/ide/plugins/com.nxp.mcuxpresso.tools.win32_11.0.0.201905131304/tools/bin/../lib/gcc/arm-none-eabi/8.2.1/../../../../arm-none-eabi/lib/thumb/v7e-m+fp/softfp\libcr_semihost.a(_cr__main.o)
                              ./libraries/lpc4337_specific/src/cr_startup_lpc43xx.o (__main)
c:/nxp/mcuxpressoide_11.0.0_2516/ide/plugins/com.nxp.mcuxpresso.tools.win32_11.0.0.201905131304/tools/bin/../lib/gcc/arm-none-eabi/8.2.1/../../../../arm-none-eabi/lib/thumb/v7e-m+fp/softfp\libcr_c.a(memset.o)
                              C:\Users\Julian\Documents\electronica_digital2\EDU-CIAA-FIRMWARE\lpc_chip_43xx\Debug\liblpc_chip_43xx.a(clock_18xx_43xx.o) (memset)
c:/nxp/mcuxpressoide_11.0.0_2516/ide/plugins/com.nxp.mcuxpresso.tools.win32_11.0.0.201905131304/tools/bin/../lib/gcc/arm-none-eabi/8.2.1/../../../../arm-none-eabi/lib/thumb/v7e-m+fp/softfp\libcr_c.a(initio.o)
                              c:/nxp/mcuxpressoide_11.0.0_2516/ide/plugins/com.nxp.mcuxpresso.tools.win32_11.0.0.201905131304/tools/bin/../lib/gcc/arm-none-eabi/8.2.1/../../../../arm-none-eabi/lib/thumb/v7e-m+fp/softfp\libcr_semihost.a(_cr__main.o) (_initio)
c:/nxp/mcuxpressoide_11.0.0_2516/ide/plugins/com.nxp.mcuxpresso.tools.win32_11.0.0.201905131304/tools/bin/../lib/gcc/arm-none-eabi/8.2.1/../../../../arm-none-eabi/lib/thumb/v7e-m+fp/softfp\libcr_c.a(setvbuf.o)
                              c:/nxp/mcuxpressoide_11.0.0_2516/ide/plugins/com.nxp.mcuxpresso.tools.win32_11.0.0.201905131304/tools/bin/../lib/gcc/arm-none-eabi/8.2.1/../../../../arm-none-eabi/lib/thumb/v7e-m+fp/softfp\libcr_c.a(initio.o) (setvbuf)
c:/nxp/mcuxpressoide_11.0.0_2516/ide/plugins/com.nxp.mcuxpresso.tools.win32_11.0.0.201905131304/tools/bin/../lib/gcc/arm-none-eabi/8.2.1/../../../../arm-none-eabi/lib/thumb/v7e-m+fp/softfp\libcr_c.a(sin.o)
                              ./src/main.o (sin)
c:/nxp/mcuxpressoide_11.0.0_2516/ide/plugins/com.nxp.mcuxpresso.tools.win32_11.0.0.201905131304/tools/bin/../lib/gcc/arm-none-eabi/8.2.1/../../../../arm-none-eabi/lib/thumb/v7e-m+fp/softfp\libcr_c.a(_fdopen.o)
                              c:/nxp/mcuxpressoide_11.0.0_2516/ide/plugins/com.nxp.mcuxpresso.tools.win32_11.0.0.201905131304/tools/bin/../lib/gcc/arm-none-eabi/8.2.1/../../../../arm-none-eabi/lib/thumb/v7e-m+fp/softfp\libcr_c.a(initio.o) (_fdopen)
c:/nxp/mcuxpressoide_11.0.0_2516/ide/plugins/com.nxp.mcuxpresso.tools.win32_11.0.0.201905131304/tools/bin/../lib/gcc/arm-none-eabi/8.2.1/../../../../arm-none-eabi/lib/thumb/v7e-m+fp/softfp\libcr_c.a(_sincos.o)
                              c:/nxp/mcuxpressoide_11.0.0_2516/ide/plugins/com.nxp.mcuxpresso.tools.win32_11.0.0.201905131304/tools/bin/../lib/gcc/arm-none-eabi/8.2.1/../../../../arm-none-eabi/lib/thumb/v7e-m+fp/softfp\libcr_c.a(sin.o) (_sincos)
c:/nxp/mcuxpressoide_11.0.0_2516/ide/plugins/com.nxp.mcuxpresso.tools.win32_11.0.0.201905131304/tools/bin/../lib/gcc/arm-none-eabi/8.2.1/../../../../arm-none-eabi/lib/thumb/v7e-m+fp/softfp\libcr_c.a(errno.o)
                              c:/nxp/mcuxpressoide_11.0.0_2516/ide/plugins/com.nxp.mcuxpresso.tools.win32_11.0.0.201905131304/tools/bin/../lib/gcc/arm-none-eabi/8.2.1/../../../../arm-none-eabi/lib/thumb/v7e-m+fp/softfp\libcr_c.a(_sincos.o) (errno)
c:/nxp/mcuxpressoide_11.0.0_2516/ide/plugins/com.nxp.mcuxpresso.tools.win32_11.0.0.201905131304/tools/bin/../lib/gcc/arm-none-eabi/8.2.1/../../../../arm-none-eabi/lib/thumb/v7e-m+fp/softfp\libcr_c.a(fabs.o)
                              c:/nxp/mcuxpressoide_11.0.0_2516/ide/plugins/com.nxp.mcuxpresso.tools.win32_11.0.0.201905131304/tools/bin/../lib/gcc/arm-none-eabi/8.2.1/../../../../arm-none-eabi/lib/thumb/v7e-m+fp/softfp\libcr_c.a(_sincos.o) (fabs)
c:/nxp/mcuxpressoide_11.0.0_2516/ide/plugins/com.nxp.mcuxpresso.tools.win32_11.0.0.201905131304/tools/bin/../lib/gcc/arm-none-eabi/8.2.1/../../../../arm-none-eabi/lib/thumb/v7e-m+fp/softfp\libcr_c.a(fclose.o)
                              c:/nxp/mcuxpressoide_11.0.0_2516/ide/plugins/com.nxp.mcuxpresso.tools.win32_11.0.0.201905131304/tools/bin/../lib/gcc/arm-none-eabi/8.2.1/../../../../arm-none-eabi/lib/thumb/v7e-m+fp/softfp\libcr_c.a(initio.o) (fclose)
[...]
Memory Configuration

Name             Origin             Length             Attributes
MFlashA512       0x1a000000         0x00080000         xr
MFlashB512       0x1b000000         0x00080000         xr
RamLoc32         0x10000000         0x00008000         xrw
RamLoc40         0x10080000         0x0000a000         xrw
RamAHB32         0x20000000         0x00008000         xrw
RamAHB16         0x20008000         0x00004000         xrw
RamAHB_ETB16     0x2000c000         0x00004000         xrw
*default*        0x00000000         0xffffffff

Linker script and memory map

LOAD ./src/main.o
LOAD ./libraries/lpc4337_specific/src/adc_peripheral.o
LOAD ./libraries/lpc4337_specific/src/ccu_peripheral.o
LOAD ./libraries/lpc4337_specific/src/chip_core.o
LOAD ./libraries/lpc4337_specific/src/cr_startup_lpc43xx.o
LOAD ./libraries/lpc4337_specific/src/creg_peripheral.o
LOAD ./libraries/lpc4337_specific/src/dac_peripheral.o
LOAD ./libraries/lpc4337_specific/src/gpdma_peripheral.o
LOAD ./libraries/lpc4337_specific/src/gpio_peripheral.o
LOAD ./libraries/lpc4337_specific/src/nvic_peripheral.o
LOAD ./libraries/lpc4337_specific/src/sct_peripheral.o
LOAD ./libraries/lpc4337_specific/src/sct_pwm.o
LOAD ./libraries/lpc4337_specific/src/scu_peripheral.o
LOAD ./libraries/lpc4337_specific/src/sysinit.o
LOAD ./libraries/lpc4337_specific/src/timer_peripheral.o
LOAD ./libraries/board_specific/src/delay.o
LOAD ./libraries/board_specific/src/gpio_board.o
LOAD ./libraries/board_specific/src/interrupts_board.o
LOAD ./libraries/board_specific/src/pwm_board.o
LOAD C:\Users\Julian\Documents\electronica_digital2\EDU-CIAA-FIRMWARE\lpc_chip_43xx\Debug\liblpc_chip_43xx.a
START GROUP
LOAD c:/nxp/mcuxpressoide_11.0.0_2516/ide/plugins/com.nxp.mcuxpresso.tools.win32_11.0.0.201905131304/tools/bin/../lib/gcc/arm-none-eabi/8.2.1/../../../../arm-none-eabi/lib/thumb/v7e-m+fp/softfp\libcr_semihost.a
LOAD c:/nxp/mcuxpressoide_11.0.0_2516/ide/plugins/com.nxp.mcuxpresso.tools.win32_11.0.0.201905131304/tools/bin/../lib/gcc/arm-none-eabi/8.2.1/../../../../arm-none-eabi/lib/thumb/v7e-m+fp/softfp\libcr_c.a
LOAD c:/nxp/mcuxpressoide_11.0.0_2516/ide/plugins/com.nxp.mcuxpresso.tools.win32_11.0.0.201905131304/tools/bin/../lib/gcc/arm-none-eabi/8.2.1/thumb/v7e-m+fp/softfp\libcr_eabihelpers.a
LOAD c:/nxp/mcuxpressoide_11.0.0_2516/ide/plugins/com.nxp.mcuxpresso.tools.win32_11.0.0.201905131304/tools/bin/../lib/gcc/arm-none-eabi/8.2.1/thumb/v7e-m+fp/softfp\libgcc.a
END GROUP
                0x1a000000                __base_MFlashA512 = 0x1a000000
                0x1a000000                __base_Flash = 0x1a000000
                0x1a080000                __top_MFlashA512 = 0x1a080000
                0x1a080000                __top_Flash = 0x1a080000
                0x1b000000                __base_MFlashB512 = 0x1b000000
                0x1b000000                __base_Flash2 = 0x1b000000
                0x1b080000                __top_MFlashB512 = 0x1b080000
                0x1b080000                __top_Flash2 = 0x1b080000
                0x10000000                __base_RamLoc32 = 0x10000000
                0x10000000                __base_RAM = 0x10000000
                0x10008000                __top_RamLoc32 = 0x10008000
                0x10008000                __top_RAM = 0x10008000
                0x10080000                __base_RamLoc40 = 0x10080000
                0x10080000                __base_RAM2 = 0x10080000
                0x1008a000                __top_RamLoc40 = 0x1008a000
                0x1008a000                __top_RAM2 = 0x1008a000
                0x20000000                __base_RamAHB32 = 0x20000000
                0x20000000                __base_RAM3 = 0x20000000
                0x20008000                __top_RamAHB32 = 0x20008000
                0x20008000                __top_RAM3 = 0x20008000
                0x20008000                __base_RamAHB16 = 0x20008000
                0x20008000                __base_RAM4 = 0x20008000
                0x2000c000                __top_RamAHB16 = 0x2000c000
                0x2000c000                __top_RAM4 = 0x2000c000
                0x2000c000                __base_RamAHB_ETB16 = 0x2000c000
                0x2000c000                __base_RAM5 = 0x2000c000
                0x20010000                __top_RamAHB_ETB16 = 0x20010000
                0x20010000                __top_RAM5 = 0x20010000

.text_Flash2    0x1b000000        0x0
 FILL mask 0xff
 *(.text_Flash2)
 *(.text_MFlashB512)
 *(.text.$Flash2)
 *(.text.$MFlashB512)
 *(.text_Flash2.*)
 *(.text_MFlashB512.*)
 *(.text.$Flash2.*)
 *(.text.$MFlashB512.*)
 *(.rodata.$Flash2)
 *(.rodata.$MFlashB512)
 *(.rodata.$Flash2.*)
 *(.rodata.$MFlashB512.*)

.text           0x1a000000     0x3208
 FILL mask 0xff
                0x1a000000                __vectors_start__ = ABSOLUTE (.)
 *(.isr_vector)
 .isr_vector    0x1a000000      0x114 ./libraries/lpc4337_specific/src/cr_startup_lpc43xx.o
                0x1a000000                g_pfnVectors
                0x1a000114                . = ALIGN (0x4)
                0x1a000114                __section_table_start = .
                0x1a000114                __data_section_table = .
                0x1a000114        0x4 LONG 0x1a003208 LOADADDR (.data)
                0x1a000118        0x4 LONG 0x10000000 ADDR (.data)
                0x1a00011c        0x4 LONG 0x8 SIZEOF (.data)
                0x1a000120        0x4 LONG 0x1a003208 LOADADDR (.data_RAM2)
                0x1a000124        0x4 LONG 0x10080000 ADDR (.data_RAM2)
                0x1a000128        0x4 LONG 0x0 SIZEOF (.data_RAM2)
                0x1a00012c        0x4 LONG 0x1a003208 LOADADDR (.data_RAM3)
                0x1a000130        0x4 LONG 0x20000000 ADDR (.data_RAM3)
                0x1a000134        0x4 LONG 0x0 SIZEOF (.data_RAM3)
                0x1a000138        0x4 LONG 0x1a003208 LOADADDR (.data_RAM4)
                0x1a00013c        0x4 LONG 0x20008000 ADDR (.data_RAM4)
                0x1a000140        0x4 LONG 0x0 SIZEOF (.data_RAM4)
                0x1a000144        0x4 LONG 0x1a003208 LOADADDR (.data_RAM5)
                0x1a000148        0x4 LONG 0x2000c000 ADDR (.data_RAM5)
                0x1a00014c        0x4 LONG 0x0 SIZEOF (.data_RAM5)
                0x1a000150                __data_section_table_end = .
                0x1a000150                __bss_section_table = .
                0x1a000150        0x4 LONG 0x10000008 ADDR (.bss)
                0x1a000154        0x4 LONG 0x2254 SIZEOF (.bss)
                0x1a000158        0x4 LONG 0x10080000 ADDR (.bss_RAM2)
                0x1a00015c        0x4 LONG 0x0 SIZEOF (.bss_RAM2)
                0x1a000160        0x4 LONG 0x20000000 ADDR (.bss_RAM3)
                0x1a000164        0x4 LONG 0x0 SIZEOF (.bss_RAM3)
                0x1a000168        0x4 LONG 0x20008000 ADDR (.bss_RAM4)
                0x1a00016c        0x4 LONG 0x0 SIZEOF (.bss_RAM4)
                0x1a000170        0x4 LONG 0x2000c000 ADDR (.bss_RAM5)
                0x1a000174        0x4 LONG 0x0 SIZEOF (.bss_RAM5)
                0x1a000178                __bss_section_table_end = .
                0x1a000178                __section_table_end = .
 *(.after_vectors*)
 .after_vectors
                0x1a000178       0xb8 ./libraries/lpc4337_specific/src/cr_startup_lpc43xx.o
                0x1a000178                data_init
                0x1a0001bc                bss_init
                0x1a0001f4                NMI_Handler
                0x1a0001fa                HardFault_Handler
                0x1a000200                MemManage_Handler
                0x1a000206                BusFault_Handler
                0x1a00020c                UsageFault_Handler
                0x1a000212                SVC_Handler
                0x1a000218                DebugMon_Handler
                0x1a00021e                PendSV_Handler
                0x1a000224                SysTick_Handler
                0x1a00022a                I2C1_IRQHandler
                0x1a00022a                UART1_IRQHandler
                0x1a00022a                GPIO5_IRQHandler
                0x1a00022a                CAN1_IRQHandler
                0x1a00022a                ATIMER_IRQHandler
                0x1a00022a                I2S0_IRQHandler
                0x1a00022a                UART0_IRQHandler
                0x1a00022a                SDIO_IRQHandler
                0x1a00022a                SGPIO_IRQHandler
                0x1a00022a                ADC0_IRQHandler
                0x1a00022a                USB1_IRQHandler
                0x1a00022a                GPIO6_IRQHandler
                0x1a00022a                IntDefaultHandler
                0x1a00022a                I2C0_IRQHandler
                0x1a00022a                ADC1_IRQHandler
                0x1a00022a                RTC_IRQHandler
                0x1a00022a                SPI_IRQHandler
                0x1a00022a                LCD_IRQHandler
                0x1a00022a                FLASH_EEPROM_IRQHandler
                0x1a00022a                UART2_IRQHandler
                0x1a00022a                I2S1_IRQHandler
                0x1a00022a                SSP1_IRQHandler
                0x1a00022a                USB0_IRQHandler
                0x1a00022a                SCT_IRQHandler
                0x1a00022a                ADCHS_IRQHandler
                0x1a00022a                WDT_IRQHandler
                0x1a00022a                RIT_IRQHandler
                0x1a00022a                GPIO7_IRQHandler
                0x1a00022a                SPIFI_IRQHandler
                0x1a00022a                QEI_IRQHandler
                0x1a00022a                ETH_IRQHandler
                0x1a00022a                CAN0_IRQHandler
                0x1a00022a                GINT0_IRQHandler
                0x1a00022a                DAC_IRQHandler
                0x1a00022a                M0SUB_IRQHandler
                0x1a00022a                EVRT_IRQHandler
                0x1a00022a                SSP0_IRQHandler
                0x1a00022a                UART3_IRQHandler
                0x1a00022a                MCPWM_IRQHandler
                0x1a00022a                M0APP_IRQHandler
                0x1a00022a                GINT1_IRQHandler
                0x1a00022a                GPIO4_IRQHandler
 *(.text*)
 .text.main     0x1a000230       0x94 ./src/main.o
                0x1a000230                main
 .text.WriteOutputValues
                0x1a0002c4      0x224 ./src/main.o
                0x1a0002c4                WriteOutputValues
 .text.updateLinkedList
                0x1a0004e8       0x64 ./src/main.o
                0x1a0004e8                updateLinkedList
 .text.ConfigAllButtons
                0x1a00054c       0x68 ./src/main.o
                0x1a00054c                ConfigAllButtons
 .text.ConfigLeds
                0x1a0005b4       0x38 ./src/main.o
                0x1a0005b4                ConfigLeds
 .text.ConfigDMA
                0x1a0005ec       0xa0 ./src/main.o
                0x1a0005ec                ConfigDMA
 .text.ConfigDAC
                0x1a00068c       0x18 ./src/main.o
                0x1a00068c                ConfigDAC
 .text.TIMER0_IRQHandler
                0x1a0006a4       0x54 ./src/main.o
                0x1a0006a4                TIMER0_IRQHandler
 .text.TIMER1_IRQHandler
                0x1a0006f8       0x54 ./src/main.o
                0x1a0006f8                TIMER1_IRQHandler
 .text.TIMER2_IRQHandler
                0x1a00074c       0x54 ./src/main.o
                0x1a00074c                TIMER2_IRQHandler
 .text.TIMER3_IRQHandler
                0x1a0007a0       0x54 ./src/main.o
                0x1a0007a0                TIMER3_IRQHandler
 .text.GPIO0_IRQHandler
                0x1a0007f4       0x20 ./src/main.o
                0x1a0007f4                GPIO0_IRQHandler
 .text.GPIO1_IRQHandler
                0x1a000814       0x20 ./src/main.o
                0x1a000814                GPIO1_IRQHandler
 .text.GPIO2_IRQHandler
                0x1a000834       0x20 ./src/main.o
                0x1a000834                GPIO2_IRQHandler
 .text.GPIO3_IRQHandler
                0x1a000854       0x20 ./src/main.o
                0x1a000854                GPIO3_IRQHandler
 .text.DMA_IRQHandler
                0x1a000874       0x18 ./src/main.o
                0x1a000874                DMA_IRQHandler
 .text.CCU_clockEnable
                0x1a00088c       0x60 ./libraries/lpc4337_specific/src/ccu_peripheral.o
                0x1a00088c                CCU_clockEnable
 .text.CCU_enableTimerClock
                0x1a0008ec       0x50 ./libraries/lpc4337_specific/src/ccu_peripheral.o
                0x1a0008ec                CCU_enableTimerClock
 .text.ResetISR
                0x1a00093c       0xc4 ./libraries/lpc4337_specific/src/cr_startup_lpc43xx.o
                0x1a00093c                ResetISR
 .text.CREG_configDMAmux
                0x1a000a00       0x64 ./libraries/lpc4337_specific/src/creg_peripheral.o
                0x1a000a00                CREG_configDMAmux
 .text.DAC_enable
                0x1a000a64       0x20 ./libraries/lpc4337_specific/src/dac_peripheral.o
                0x1a000a64                DAC_enable
 .text.DAC_setCNTVAL
                0x1a000a84       0x20 ./libraries/lpc4337_specific/src/dac_peripheral.o
                0x1a000a84                DAC_setCNTVAL
 .text.DAC_ticksNeededForSampling
                0x1a000aa4       0x28 ./libraries/lpc4337_specific/src/dac_peripheral.o
                0x1a000aa4                DAC_ticksNeededForSampling
 .text.DAC_init
                0x1a000acc       0x2c ./libraries/lpc4337_specific/src/dac_peripheral.o
                0x1a000acc                DAC_init
 .text.DAC_configToSample
                0x1a000af8       0x22 ./libraries/lpc4337_specific/src/dac_peripheral.o
                0x1a000af8                DAC_configToSample
 .text.GPDMA_CreateLLI
                0x1a000b1a       0x32 ./libraries/lpc4337_specific/src/gpdma_peripheral.o
                0x1a000b1a                GPDMA_CreateLLI
 .text.GPDMA_CtrlWrd
                0x1a000b4c       0x84 ./libraries/lpc4337_specific/src/gpdma_peripheral.o
                0x1a000b4c                GPDMA_CtrlWrd
 .text.GPDMA_clearTerminalCountInterrupt
                0x1a000bd0       0x30 ./libraries/lpc4337_specific/src/gpdma_peripheral.o
                0x1a000bd0                GPDMA_clearTerminalCountInterrupt
 .text.GPDMA_init
                0x1a000c00       0x18 ./libraries/lpc4337_specific/src/gpdma_peripheral.o
                0x1a000c00                GPDMA_init
 .text.GPDMA_configChannel
                0x1a000c18       0x88 ./libraries/lpc4337_specific/src/gpdma_peripheral.o
                0x1a000c18                GPDMA_configChannel
 .text.GPIO_SetPinDIROutput
                0x1a000ca0       0x44 ./libraries/lpc4337_specific/src/gpio_peripheral.o
                0x1a000ca0                GPIO_SetPinDIROutput
 .text.GPIO_SetPinDIRInput
                0x1a000ce4       0x48 ./libraries/lpc4337_specific/src/gpio_peripheral.o
                0x1a000ce4                GPIO_SetPinDIRInput
 .text.GPIO_SetPinSET
                0x1a000d2c       0x44 ./libraries/lpc4337_specific/src/gpio_peripheral.o
                0x1a000d2c                GPIO_SetPinSET
 .text.GPIO_SetPinCLR
                0x1a000d70       0x44 ./libraries/lpc4337_specific/src/gpio_peripheral.o
                0x1a000d70                GPIO_SetPinCLR
 .text.GPIO_SetPinNOT
                0x1a000db4       0x44 ./libraries/lpc4337_specific/src/gpio_peripheral.o
                0x1a000db4                GPIO_SetPinNOT
 .text.SCU_GPIOIntPinSel
                0x1a000df8       0x74 ./libraries/lpc4337_specific/src/gpio_peripheral.o
                0x1a000df8                SCU_GPIOIntPinSel
 .text.setEdgeDetectionGPIOInterrupt
                0x1a000e6c       0x30 ./libraries/lpc4337_specific/src/gpio_peripheral.o
                0x1a000e6c                setEdgeDetectionGPIOInterrupt
 .text.setRiseEdgeGPIOInterrupt
                0x1a000e9c       0x2c ./libraries/lpc4337_specific/src/gpio_peripheral.o
                0x1a000e9c                setRiseEdgeGPIOInterrupt
 .text.setFallEdgeGPIOInterrupt
                0x1a000ec8       0x2c ./libraries/lpc4337_specific/src/gpio_peripheral.o
                0x1a000ec8                setFallEdgeGPIOInterrupt
 .text.clearGPIOInterruptFlag
                0x1a000ef4       0x28 ./libraries/lpc4337_specific/src/gpio_peripheral.o
                0x1a000ef4                clearGPIOInterruptFlag
 .text.NVIC_EnaIRQ
                0x1a000f1c       0x34 ./libraries/lpc4337_specific/src/nvic_peripheral.o
                0x1a000f1c                NVIC_EnaIRQ
 .text.NVIC_disableIRQ
                0x1a000f50       0x34 ./libraries/lpc4337_specific/src/nvic_peripheral.o
                0x1a000f50                NVIC_disableIRQ
 .text.SCU_SetPinFunc
                0x1a000f84       0x60 ./libraries/lpc4337_specific/src/scu_peripheral.o
                0x1a000f84                SCU_SetPinFunc
 .text.SCU_activateInputBuffer
                0x1a000fe4       0x30 ./libraries/lpc4337_specific/src/scu_peripheral.o
                0x1a000fe4                SCU_activateInputBuffer
 .text.SystemInit
                0x1a001014       0x28 ./libraries/lpc4337_specific/src/sysinit.o
                0x1a001014                SystemInit
 .text.Timer_resetOnNextEdge
                0x1a00103c       0x20 ./libraries/lpc4337_specific/src/timer_peripheral.o
                0x1a00103c                Timer_resetOnNextEdge
 .text.Timer_dontResetOnNextEdge
                0x1a00105c       0x20 ./libraries/lpc4337_specific/src/timer_peripheral.o
                0x1a00105c                Timer_dontResetOnNextEdge
 .text.Timer_enableTimer
                0x1a00107c       0x20 ./libraries/lpc4337_specific/src/timer_peripheral.o
                0x1a00107c                Timer_enableTimer
 .text.Timer_getAvailableTimer
                0x1a00109c       0x60 ./libraries/lpc4337_specific/src/timer_peripheral.o
                0x1a00109c                Timer_getAvailableTimer
 .text.Timer_getPtrStruct
                0x1a0010fc       0x5c ./libraries/lpc4337_specific/src/timer_peripheral.o
                0x1a0010fc                Timer_getPtrStruct
 .text.Timer_setTimerMode
                0x1a001158       0x20 ./libraries/lpc4337_specific/src/timer_peripheral.o
                0x1a001158                Timer_setTimerMode
 .text.Timer_setMatchValue
                0x1a001178       0x26 ./libraries/lpc4337_specific/src/timer_peripheral.o
                0x1a001178                Timer_setMatchValue
 .text.Timer_isCounting
                0x1a00119e       0x26 ./libraries/lpc4337_specific/src/timer_peripheral.o
                0x1a00119e                Timer_isCounting
 .text.Timer_setFrequency
                0x1a0011c4       0x28 ./libraries/lpc4337_specific/src/timer_peripheral.o
                0x1a0011c4                Timer_setFrequency
 .text.Timer_setResetOnMatch
                0x1a0011ec       0x32 ./libraries/lpc4337_specific/src/timer_peripheral.o
                0x1a0011ec                Timer_setResetOnMatch
 .text.Timer_init
                0x1a00121e       0x4a ./libraries/lpc4337_specific/src/timer_peripheral.o
                0x1a00121e                Timer_init
 .text.Timer_deInit
                0x1a001268       0x28 ./libraries/lpc4337_specific/src/timer_peripheral.o
                0x1a001268                Timer_deInit
 .text.Timer_clearMatchIntFlag
                0x1a001290       0x30 ./libraries/lpc4337_specific/src/timer_peripheral.o
                0x1a001290                Timer_clearMatchIntFlag
 .text.Timer_disableMatchInterrupt
                0x1a0012c0       0x3e ./libraries/lpc4337_specific/src/timer_peripheral.o
                0x1a0012c0                Timer_disableMatchInterrupt
 .text.Timer_enableMatchInterrupt
                0x1a0012fe       0x3c ./libraries/lpc4337_specific/src/timer_peripheral.o
                0x1a0012fe                Timer_enableMatchInterrupt
 .text.Timer_configMatchInterrupt
                0x1a00133a       0x50 ./libraries/lpc4337_specific/src/timer_peripheral.o
                0x1a00133a                Timer_configMatchInterrupt
 *fill*         0x1a00138a        0x2 ff
 .text.Delay_getIRQn
                0x1a00138c       0x44 ./libraries/board_specific/src/delay.o
                0x1a00138c                Delay_getIRQn
 .text.Delay_timeToMatchValue
                0x1a0013d0       0x54 ./libraries/board_specific/src/delay.o
                0x1a0013d0                Delay_timeToMatchValue
 .text.Delay_initNonBlockingDelay
                0x1a001424       0x54 ./libraries/board_specific/src/delay.o
                0x1a001424                Delay_initNonBlockingDelay
 .text.GPIOBoard_fillGPIOStruct
                0x1a001478      0x220 ./libraries/board_specific/src/gpio_board.o
                0x1a001478                GPIOBoard_fillGPIOStruct
 .text.configGpio
                0x1a001698       0xa8 ./libraries/board_specific/src/gpio_board.o
                0x1a001698                configGpio
 .text.writeGpio
                0x1a001740       0x3c ./libraries/board_specific/src/gpio_board.o
                0x1a001740                writeGpio
 .text.toggleGpio
                0x1a00177c       0x20 ./libraries/board_specific/src/gpio_board.o
                0x1a00177c                toggleGpio
 .text.configLed
                0x1a00179c       0x28 ./libraries/board_specific/src/gpio_board.o
                0x1a00179c                configLed
 .text.InitializateAllLeds
                0x1a0017c4       0x9a ./libraries/board_specific/src/gpio_board.o
                0x1a0017c4                InitializateAllLeds
 *fill*         0x1a00185e        0x2 ff
 .text.configTecInterrupts
                0x1a001860       0xa4 ./libraries/board_specific/src/interrupts_board.o
                0x1a001860                configTecInterrupts
 .text.fpuInit  0x1a001904       0x74 C:\Users\Julian\Documents\electronica_digital2\EDU-CIAA-FIRMWARE\lpc_chip_43xx\Debug\liblpc_chip_43xx.a(fpu_init.o)
                0x1a001904                fpuInit
 .text.Chip_Clock_DisableMainPLL
                0x1a001978       0x20 C:\Users\Julian\Documents\electronica_digital2\EDU-CIAA-FIRMWARE\lpc_chip_43xx\Debug\liblpc_chip_43xx.a(sysinit_18xx_43xx.o)
 .text.Chip_Clock_SetupMainPLL
                0x1a001998       0x44 C:\Users\Julian\Documents\electronica_digital2\EDU-CIAA-FIRMWARE\lpc_chip_43xx\Debug\liblpc_chip_43xx.a(sysinit_18xx_43xx.o)
 .text.Chip_Clock_MainPLLLocked
                0x1a0019dc       0x24 C:\Users\Julian\Documents\electronica_digital2\EDU-CIAA-FIRMWARE\lpc_chip_43xx\Debug\liblpc_chip_43xx.a(sysinit_18xx_43xx.o)
 .text.Chip_SetupCoreClock
                0x1a001a00      0x15c C:\Users\Julian\Documents\electronica_digital2\EDU-CIAA-FIRMWARE\lpc_chip_43xx\Debug\liblpc_chip_43xx.a(sysinit_18xx_43xx.o)
                0x1a001a00                Chip_SetupCoreClock
 .text.Chip_SetupIrcClocking
                0x1a001b5c       0x18 C:\Users\Julian\Documents\electronica_digital2\EDU-CIAA-FIRMWARE\lpc_chip_43xx\Debug\liblpc_chip_43xx.a(sysinit_18xx_43xx.o)
                0x1a001b5c                Chip_SetupIrcClocking
 .text.Chip_SystemInit
                0x1a001b74        0xc C:\Users\Julian\Documents\electronica_digital2\EDU-CIAA-FIRMWARE\lpc_chip_43xx\Debug\liblpc_chip_43xx.a(sysinit_18xx_43xx.o)
                0x1a001b74                Chip_SystemInit
 .text.ABS      0x1a001b80       0x22 C:\Users\Julian\Documents\electronica_digital2\EDU-CIAA-FIRMWARE\lpc_chip_43xx\Debug\liblpc_chip_43xx.a(clock_18xx_43xx.o)
 *fill*         0x1a001ba2        0x2 ff
 .text.pll_calc_divs
                0x1a001ba4      0x124 C:\Users\Julian\Documents\electronica_digital2\EDU-CIAA-FIRMWARE\lpc_chip_43xx\Debug\liblpc_chip_43xx.a(clock_18xx_43xx.o)
 .text.pll_get_frac
                0x1a001cc8      0x176 C:\Users\Julian\Documents\electronica_digital2\EDU-CIAA-FIRMWARE\lpc_chip_43xx\Debug\liblpc_chip_43xx.a(clock_18xx_43xx.o)
 .text.Chip_Clock_GetDivRate
                0x1a001e3e       0x40 C:\Users\Julian\Documents\electronica_digital2\EDU-CIAA-FIRMWARE\lpc_chip_43xx\Debug\liblpc_chip_43xx.a(clock_18xx_43xx.o)
 *fill*         0x1a001e7e        0x2 ff
 .text.Chip_Clock_EnableCrystal
                0x1a001e80       0x70 C:\Users\Julian\Documents\electronica_digital2\EDU-CIAA-FIRMWARE\lpc_chip_43xx\Debug\liblpc_chip_43xx.a(clock_18xx_43xx.o)
                0x1a001e80                Chip_Clock_EnableCrystal
 .text.Chip_Clock_CalcMainPLLValue
                0x1a001ef0       0xd8 C:\Users\Julian\Documents\electronica_digital2\EDU-CIAA-FIRMWARE\lpc_chip_43xx\Debug\liblpc_chip_43xx.a(clock_18xx_43xx.o)
                0x1a001ef0                Chip_Clock_CalcMainPLLValue
 .text.Chip_Clock_GetMainPLLHz
                0x1a001fc8       0xc0 C:\Users\Julian\Documents\electronica_digital2\EDU-CIAA-FIRMWARE\lpc_chip_43xx\Debug\liblpc_chip_43xx.a(clock_18xx_43xx.o)
                0x1a001fc8                Chip_Clock_GetMainPLLHz
 .text.Chip_Clock_GetDividerSource
                0x1a002088       0x40 C:\Users\Julian\Documents\electronica_digital2\EDU-CIAA-FIRMWARE\lpc_chip_43xx\Debug\liblpc_chip_43xx.a(clock_18xx_43xx.o)
                0x1a002088                Chip_Clock_GetDividerSource
 .text.Chip_Clock_GetDividerDivisor
                0x1a0020c8       0x38 C:\Users\Julian\Documents\electronica_digital2\EDU-CIAA-FIRMWARE\lpc_chip_43xx\Debug\liblpc_chip_43xx.a(clock_18xx_43xx.o)
                0x1a0020c8                Chip_Clock_GetDividerDivisor
 .text.Chip_Clock_GetClockInputHz
                0x1a002100      0x140 C:\Users\Julian\Documents\electronica_digital2\EDU-CIAA-FIRMWARE\lpc_chip_43xx\Debug\liblpc_chip_43xx.a(clock_18xx_43xx.o)
                0x1a002100                Chip_Clock_GetClockInputHz
 .text.Chip_Clock_SetBaseClock
                0x1a002240       0x9c C:\Users\Julian\Documents\electronica_digital2\EDU-CIAA-FIRMWARE\lpc_chip_43xx\Debug\liblpc_chip_43xx.a(clock_18xx_43xx.o)
                0x1a002240                Chip_Clock_SetBaseClock
 .text.__main   0x1a0022dc        0xe c:/nxp/mcuxpressoide_11.0.0_2516/ide/plugins/com.nxp.mcuxpresso.tools.win32_11.0.0.201905131304/tools/bin/../lib/gcc/arm-none-eabi/8.2.1/../../../../arm-none-eabi/lib/thumb/v7e-m+fp/softfp\libcr_semihost.a(_cr__main.o)
                0x1a0022dc                __CR_SEMIHOST
                0x1a0022dc                __main
 .text.memset   0x1a0022ea        0x4 c:/nxp/mcuxpressoide_11.0.0_2516/ide/plugins/com.nxp.mcuxpresso.tools.win32_11.0.0.201905131304/tools/bin/../lib/gcc/arm-none-eabi/8.2.1/../../../../arm-none-eabi/lib/thumb/v7e-m+fp/softfp\libcr_c.a(memset.o)
                0x1a0022ea                memset
 *fill*         0x1a0022ee        0x2 ff
 .text._initio  0x1a0022f0       0x78 c:/nxp/mcuxpressoide_11.0.0_2516/ide/plugins/com.nxp.mcuxpresso.tools.win32_11.0.0.201905131304/tools/bin/../lib/gcc/arm-none-eabi/8.2.1/../../../../arm-none-eabi/lib/thumb/v7e-m+fp/softfp\libcr_c.a(initio.o)
                0x1a0022f0                _initio
 .text.setvbuf  0x1a002368       0x40 c:/nxp/mcuxpressoide_11.0.0_2516/ide/plugins/com.nxp.mcuxpresso.tools.win32_11.0.0.201905131304/tools/bin/../lib/gcc/arm-none-eabi/8.2.1/../../../../arm-none-eabi/lib/thumb/v7e-m+fp/softfp\libcr_c.a(setvbuf.o)
                0x1a002368                setvbuf
 .text.sin      0x1a0023a8       0x38 c:/nxp/mcuxpressoide_11.0.0_2516/ide/plugins/com.nxp.mcuxpresso.tools.win32_11.0.0.201905131304/tools/bin/../lib/gcc/arm-none-eabi/8.2.1/../../../../arm-none-eabi/lib/thumb/v7e-m+fp/softfp\libcr_c.a(sin.o)
                0x1a0023a8                sin
 .text._fdopen  0x1a0023e0       0x68 c:/nxp/mcuxpressoide_11.0.0_2516/ide/plugins/com.nxp.mcuxpresso.tools.win32_11.0.0.201905131304/tools/bin/../lib/gcc/arm-none-eabi/8.2.1/../../../../arm-none-eabi/lib/thumb/v7e-m+fp/softfp\libcr_c.a(_fdopen.o)
                0x1a0023e0                _fdopen
 .text._sincos  0x1a002448      0x1fc c:/nxp/mcuxpressoide_11.0.0_2516/ide/plugins/com.nxp.mcuxpresso.tools.win32_11.0.0.201905131304/tools/bin/../lib/gcc/arm-none-eabi/8.2.1/../../../../arm-none-eabi/lib/thumb/v7e-m+fp/softfp\libcr_c.a(_sincos.o)
                0x1a002448                _sincos
 .text.fabs     0x1a002644       0x1c c:/nxp/mcuxpressoide_11.0.0_2516/ide/plugins/com.nxp.mcuxpresso.tools.win32_11.0.0.201905131304/tools/bin/../lib/gcc/arm-none-eabi/8.2.1/../../../../arm-none-eabi/lib/thumb/v7e-m+fp/softfp\libcr_c.a(fabs.o)
                0x1a002644                fabs
 .text.fclose   0x1a002660       0x58 c:/nxp/mcuxpressoide_11.0.0_2516/ide/plugins/com.nxp.mcuxpresso.tools.win32_11.0.0.201905131304/tools/bin/../lib/gcc/arm-none-eabi/8.2.1/../../../../arm-none-eabi/lib/thumb/v7e-m+fp/softfp\libcr_c.a(fclose.o)
                0x1a002660                fclose
 .text.fflush   0x1a0026b8       0x44 c:/nxp/mcuxpressoide_11.0.0_2516/ide/plugins/com.nxp.mcuxpresso.tools.win32_11.0.0.201905131304/tools/bin/../lib/gcc/arm-none-eabi/8.2.1/../../../../arm-none-eabi/lib/thumb/v7e-m+fp/softfp\libcr_c.a(fflush.o)
                0x1a0026b8                fflush
 .text.fseek    0x1a0026fc      0x100 c:/nxp/mcuxpressoide_11.0.0_2516/ide/plugins/com.nxp.mcuxpresso.tools.win32_11.0.0.201905131304/tools/bin/../lib/gcc/arm-none-eabi/8.2.1/../../../../arm-none-eabi/lib/thumb/v7e-m+fp/softfp\libcr_c.a(fseek.o)
                0x1a0026fc                fseek
 .text.ftell    0x1a0027fc       0x48 c:/nxp/mcuxpressoide_11.0.0_2516/ide/plugins/com.nxp.mcuxpresso.tools.win32_11.0.0.201905131304/tools/bin/../lib/gcc/arm-none-eabi/8.2.1/../../../../arm-none-eabi/lib/thumb/v7e-m+fp/softfp\libcr_c.a(ftell.o)
                0x1a0027fc                ftell
 .text.remove   0x1a002844       0x14 c:/nxp/mcuxpressoide_11.0.0_2516/ide/plugins/com.nxp.mcuxpresso.tools.win32_11.0.0.201905131304/tools/bin/../lib/gcc/arm-none-eabi/8.2.1/../../../../arm-none-eabi/lib/thumb/v7e-m+fp/softfp\libcr_c.a(remove.o)
                0x1a002844                remove
 .text.strlen   0x1a002858       0x4c c:/nxp/mcuxpressoide_11.0.0_2516/ide/plugins/com.nxp.mcuxpresso.tools.win32_11.0.0.201905131304/tools/bin/../lib/gcc/arm-none-eabi/8.2.1/../../../../arm-none-eabi/lib/thumb/v7e-m+fp/softfp\libcr_c.a(strlen.o)
                0x1a002858                strlen
 .text._do_fflush
                0x1a0028a4       0x40 c:/nxp/mcuxpressoide_11.0.0_2516/ide/plugins/com.nxp.mcuxpresso.tools.win32_11.0.0.201905131304/tools/bin/../lib/gcc/arm-none-eabi/8.2.1/../../../../arm-none-eabi/lib/thumb/v7e-m+fp/softfp\libcr_c.a(_do_fflush.o)
                0x1a0028a4                _do_fflush
 .text._fflush  0x1a0028e4       0x52 c:/nxp/mcuxpressoide_11.0.0_2516/ide/plugins/com.nxp.mcuxpresso.tools.win32_11.0.0.201905131304/tools/bin/../lib/gcc/arm-none-eabi/8.2.1/../../../../arm-none-eabi/lib/thumb/v7e-m+fp/softfp\libcr_c.a(_fflush.o)
                0x1a0028e4                _fflush
 *fill*         0x1a002936        0x2 ff
 .text._Cwritebuf
                0x1a002938       0x6c c:/nxp/mcuxpressoide_11.0.0_2516/ide/plugins/com.nxp.mcuxpresso.tools.win32_11.0.0.201905131304/tools/bin/../lib/gcc/arm-none-eabi/8.2.1/../../../../arm-none-eabi/lib/thumb/v7e-m+fp/softfp\libcr_c.a(_writebuf.o)
                0x1a002938                _Cwritebuf
 .text.free     0x1a0029a4       0x30 c:/nxp/mcuxpressoide_11.0.0_2516/ide/plugins/com.nxp.mcuxpresso.tools.win32_11.0.0.201905131304/tools/bin/../lib/gcc/arm-none-eabi/8.2.1/../../../../arm-none-eabi/lib/thumb/v7e-m+fp/softfp\libcr_c.a(alloc.o)
                0x1a0029a4                free
 .text._deferredlazyseek
                0x1a0029d4       0x40 c:/nxp/mcuxpressoide_11.0.0_2516/ide/plugins/com.nxp.mcuxpresso.tools.win32_11.0.0.201905131304/tools/bin/../lib/gcc/arm-none-eabi/8.2.1/../../../../arm-none-eabi/lib/thumb/v7e-m+fp/softfp\libcr_c.a(_deferredlazyseek.o)
                0x1a0029d4                _deferredlazyseek
 .text.__aeabi_dmul
                0x1a002a14      0x114 c:/nxp/mcuxpressoide_11.0.0_2516/ide/plugins/com.nxp.mcuxpresso.tools.win32_11.0.0.201905131304/tools/bin/../lib/gcc/arm-none-eabi/8.2.1/thumb/v7e-m+fp/softfp\libcr_eabihelpers.a(double.o)
                0x1a002a14                __aeabi_dmul
 .text.__aeabi_ddiv
                0x1a002b28      0x150 c:/nxp/mcuxpressoide_11.0.0_2516/ide/plugins/com.nxp.mcuxpresso.tools.win32_11.0.0.201905131304/tools/bin/../lib/gcc/arm-none-eabi/8.2.1/thumb/v7e-m+fp/softfp\libcr_eabihelpers.a(double.o)
                0x1a002b28                __aeabi_ddiv
 .text.__aeabi_dsub
                0x1a002c78      0x1ac c:/nxp/mcuxpressoide_11.0.0_2516/ide/plugins/com.nxp.mcuxpresso.tools.win32_11.0.0.201905131304/tools/bin/../lib/gcc/arm-none-eabi/8.2.1/thumb/v7e-m+fp/softfp\libcr_eabihelpers.a(double.o)
                0x1a002c78                __aeabi_dsub
 .text.__aeabi_dadd
                0x1a002e24      0x114 c:/nxp/mcuxpressoide_11.0.0_2516/ide/plugins/com.nxp.mcuxpresso.tools.win32_11.0.0.201905131304/tools/bin/../lib/gcc/arm-none-eabi/8.2.1/thumb/v7e-m+fp/softfp\libcr_eabihelpers.a(double.o)
                0x1a002e24                __aeabi_dadd
 .text.__aeabi_d2f
                0x1a002f38       0x50 c:/nxp/mcuxpressoide_11.0.0_2516/ide/plugins/com.nxp.mcuxpresso.tools.win32_11.0.0.201905131304/tools/bin/../lib/gcc/arm-none-eabi/8.2.1/thumb/v7e-m+fp/softfp\libcr_eabihelpers.a(double.o)
                0x1a002f38                __aeabi_d2f
 .text.__aeabi_d2iz
                0x1a002f88       0x40 c:/nxp/mcuxpressoide_11.0.0_2516/ide/plugins/com.nxp.mcuxpresso.tools.win32_11.0.0.201905131304/tools/bin/../lib/gcc/arm-none-eabi/8.2.1/thumb/v7e-m+fp/softfp\libcr_eabihelpers.a(double.o)
                0x1a002f88                __aeabi_d2iz
 .text.__bhs_ui2d
                0x1a002fc8       0x46 c:/nxp/mcuxpressoide_11.0.0_2516/ide/plugins/com.nxp.mcuxpresso.tools.win32_11.0.0.201905131304/tools/bin/../lib/gcc/arm-none-eabi/8.2.1/thumb/v7e-m+fp/softfp\libcr_eabihelpers.a(double.o)
                0x1a002fc8                __bhs_ui2d
 .text.__aeabi_i2d
                0x1a00300e       0x12 c:/nxp/mcuxpressoide_11.0.0_2516/ide/plugins/com.nxp.mcuxpresso.tools.win32_11.0.0.201905131304/tools/bin/../lib/gcc/arm-none-eabi/8.2.1/thumb/v7e-m+fp/softfp\libcr_eabihelpers.a(double.o)
                0x1a00300e                __aeabi_i2d
 .text.__aeabi_dcmplt
                0x1a003020       0x56 c:/nxp/mcuxpressoide_11.0.0_2516/ide/plugins/com.nxp.mcuxpresso.tools.win32_11.0.0.201905131304/tools/bin/../lib/gcc/arm-none-eabi/8.2.1/thumb/v7e-m+fp/softfp\libcr_eabihelpers.a(double.o)
                0x1a003020                __aeabi_dcmplt
 .text.__aeabi_dcmpge
                0x1a003076       0x5c c:/nxp/mcuxpressoide_11.0.0_2516/ide/plugins/com.nxp.mcuxpresso.tools.win32_11.0.0.201905131304/tools/bin/../lib/gcc/arm-none-eabi/8.2.1/thumb/v7e-m+fp/softfp\libcr_eabihelpers.a(double.o)
                0x1a003076                __aeabi_dcmpge
 *fill*         0x1a0030d2        0x2 ff
 .text.__aeabi_f2d
                0x1a0030d4       0x38 c:/nxp/mcuxpressoide_11.0.0_2516/ide/plugins/com.nxp.mcuxpresso.tools.win32_11.0.0.201905131304/tools/bin/../lib/gcc/arm-none-eabi/8.2.1/thumb/v7e-m+fp/softfp\libcr_eabihelpers.a(float.o)
                0x1a0030d4                __aeabi_f2d
 .text.__aeabi_memset_lowlevel
                0x1a00310c       0x32 c:/nxp/mcuxpressoide_11.0.0_2516/ide/plugins/com.nxp.mcuxpresso.tools.win32_11.0.0.201905131304/tools/bin/../lib/gcc/arm-none-eabi/8.2.1/thumb/v7e-m+fp/softfp\libcr_eabihelpers.a(memcpy.o)
                0x1a00310c                __aeabi_lowlevel_memset
 .text.__sys_close
                0x1a00313e        0xc c:/nxp/mcuxpressoide_11.0.0_2516/ide/plugins/com.nxp.mcuxpresso.tools.win32_11.0.0.201905131304/tools/bin/../lib/gcc/arm-none-eabi/8.2.1/../../../../arm-none-eabi/lib/thumb/v7e-m+fp/softfp\libcr_semihost.a(__sys_close.o)
                0x1a00313e                __sys_close
 .text.__sys_flen
                0x1a00314a        0xc c:/nxp/mcuxpressoide_11.0.0_2516/ide/plugins/com.nxp.mcuxpresso.tools.win32_11.0.0.201905131304/tools/bin/../lib/gcc/arm-none-eabi/8.2.1/../../../../arm-none-eabi/lib/thumb/v7e-m+fp/softfp\libcr_semihost.a(__sys_flen.o)
                0x1a00314a                __sys_flen
 .text.__sys_istty
                0x1a003156        0xc c:/nxp/mcuxpressoide_11.0.0_2516/ide/plugins/com.nxp.mcuxpresso.tools.win32_11.0.0.201905131304/tools/bin/../lib/gcc/arm-none-eabi/8.2.1/../../../../arm-none-eabi/lib/thumb/v7e-m+fp/softfp\libcr_semihost.a(__sys_istty.o)
                0x1a003156                __sys_istty
 .text.__sys_remove
                0x1a003162        0xc c:/nxp/mcuxpressoide_11.0.0_2516/ide/plugins/com.nxp.mcuxpresso.tools.win32_11.0.0.201905131304/tools/bin/../lib/gcc/arm-none-eabi/8.2.1/../../../../arm-none-eabi/lib/thumb/v7e-m+fp/softfp\libcr_semihost.a(__sys_remove.o)
                0x1a003162                __sys_remove
 .text.__sys_seek
                0x1a00316e        0xc c:/nxp/mcuxpressoide_11.0.0_2516/ide/plugins/com.nxp.mcuxpresso.tools.win32_11.0.0.201905131304/tools/bin/../lib/gcc/arm-none-eabi/8.2.1/../../../../arm-none-eabi/lib/thumb/v7e-m+fp/softfp\libcr_semihost.a(__sys_seek.o)
                0x1a00316e                __sys_seek
 .text.__sys_tmpnam
                0x1a00317a        0xc c:/nxp/mcuxpressoide_11.0.0_2516/ide/plugins/com.nxp.mcuxpresso.tools.win32_11.0.0.201905131304/tools/bin/../lib/gcc/arm-none-eabi/8.2.1/../../../../arm-none-eabi/lib/thumb/v7e-m+fp/softfp\libcr_semihost.a(__sys_tmpnam.o)
                0x1a00317a                __sys_tmpnam
 .text.__sys_write
                0x1a003186        0xc c:/nxp/mcuxpressoide_11.0.0_2516/ide/plugins/com.nxp.mcuxpresso.tools.win32_11.0.0.201905131304/tools/bin/../lib/gcc/arm-none-eabi/8.2.1/../../../../arm-none-eabi/lib/thumb/v7e-m+fp/softfp\libcr_semihost.a(__sys_write.o)
                0x1a003186                __sys_write
 *(.rodata .rodata.* .constdata .constdata.*)
 *fill*         0x1a003192        0x2 ff
 .rodata.ExtRateIn
                0x1a003194        0x4 ./libraries/lpc4337_specific/src/sysinit.o
                0x1a003194                ExtRateIn
 .rodata.OscRateIn
                0x1a003198        0x4 ./libraries/lpc4337_specific/src/sysinit.o
                0x1a003198                OscRateIn
 .rodata        0x1a00319c       0x10 ./libraries/lpc4337_specific/src/timer_peripheral.o
 .rodata.InitClkStates
                0x1a0031ac       0x48 C:\Users\Julian\Documents\electronica_digital2\EDU-CIAA-FIRMWARE\lpc_chip_43xx\Debug\liblpc_chip_43xx.a(sysinit_18xx_43xx.o)
 .rodata        0x1a0031f4        0xa C:\Users\Julian\Documents\electronica_digital2\EDU-CIAA-FIRMWARE\lpc_chip_43xx\Debug\liblpc_chip_43xx.a(clock_18xx_43xx.o)
 .rodata._initio.str1.1
                0x1a0031fe        0x4 c:/nxp/mcuxpressoide_11.0.0_2516/ide/plugins/com.nxp.mcuxpresso.tools.win32_11.0.0.201905131304/tools/bin/../lib/gcc/arm-none-eabi/8.2.1/../../../../arm-none-eabi/lib/thumb/v7e-m+fp/softfp\libcr_c.a(initio.o)
 *fill*         0x1a003202        0x2 ff
 .rodata.__num_Ciob_streams
                0x1a003204        0x4 c:/nxp/mcuxpressoide_11.0.0_2516/ide/plugins/com.nxp.mcuxpresso.tools.win32_11.0.0.201905131304/tools/bin/../lib/gcc/arm-none-eabi/8.2.1/../../../../arm-none-eabi/lib/thumb/v7e-m+fp/softfp\libcr_semihost.a(__ciob.o)
                0x1a003204                __num_Ciob_streams
                0x1a003208                . = ALIGN (0x4)

.glue_7         0x1a003208        0x0
 .glue_7        0x1a003208        0x0 linker stubs

.glue_7t        0x1a003208        0x0
 .glue_7t       0x1a003208        0x0 linker stubs

.vfp11_veneer   0x1a003208        0x0
 .vfp11_veneer  0x1a003208        0x0 linker stubs

.v4_bx          0x1a003208        0x0
 .v4_bx         0x1a003208        0x0 linker stubs

.iplt           0x1a003208        0x0
 .iplt          0x1a003208        0x0 ./src/main.o

.rel.dyn        0x1a003208        0x0
 .rel.iplt      0x1a003208        0x0 ./src/main.o

.ARM.extab
 *(.ARM.extab* .gnu.linkonce.armextab.*)
                0x1a003208                __exidx_start = .

.ARM.exidx
 *(.ARM.exidx* .gnu.linkonce.armexidx.*)
                0x1a003208                __exidx_end = .
                0x1a003208                _etext = .

.data_RAM2      0x10080000        0x0 load address 0x1a003208
 FILL mask 0xff
                [!provide]                PROVIDE (__start_data_RAM2 = .)
 *(.ramfunc.$RAM2)
 *(.ramfunc.$RamLoc40)
 *(.data.$RAM2)
 *(.data.$RamLoc40)
 *(.data.$RAM2.*)
 *(.data.$RamLoc40.*)
                0x10080000                . = ALIGN (0x4)
                [!provide]                PROVIDE (__end_data_RAM2 = .)

.data_RAM3      0x20000000        0x0 load address 0x1a003208
 FILL mask 0xff
                [!provide]                PROVIDE (__start_data_RAM3 = .)
 *(.ramfunc.$RAM3)
 *(.ramfunc.$RamAHB32)
 *(.data.$RAM3)
 *(.data.$RamAHB32)
 *(.data.$RAM3.*)
 *(.data.$RamAHB32.*)
                0x20000000                . = ALIGN (0x4)
                [!provide]                PROVIDE (__end_data_RAM3 = .)

.data_RAM4      0x20008000        0x0 load address 0x1a003208
 FILL mask 0xff
                [!provide]                PROVIDE (__start_data_RAM4 = .)
 *(.ramfunc.$RAM4)
 *(.ramfunc.$RamAHB16)
 *(.data.$RAM4)
 *(.data.$RamAHB16)
 *(.data.$RAM4.*)
 *(.data.$RamAHB16.*)
                0x20008000                . = ALIGN (0x4)
                [!provide]                PROVIDE (__end_data_RAM4 = .)

.data_RAM5      0x2000c000        0x0 load address 0x1a003208
 FILL mask 0xff
                [!provide]                PROVIDE (__start_data_RAM5 = .)
 *(.ramfunc.$RAM5)
 *(.ramfunc.$RamAHB_ETB16)
 *(.data.$RAM5)
 *(.data.$RamAHB_ETB16)
 *(.data.$RAM5.*)
 *(.data.$RamAHB_ETB16.*)
                0x2000c000                . = ALIGN (0x4)
                [!provide]                PROVIDE (__end_data_RAM5 = .)

.uninit_RESERVED
                0x10000000        0x0
                0x10000000                . = ALIGN (0x4)
 *(.bss.$RESERVED*)
                0x10000000                . = ALIGN (0x4)
                0x10000000                _end_uninit_RESERVED = .

.data           0x10000000        0x8 load address 0x1a003208
 FILL mask 0xff
                0x10000000                _data = .
 *(vtable)
 *(.ramfunc*)
 *(.data*)
 .data.InitialPress
                0x10000000        0x1 ./src/main.o
                0x10000000                InitialPress
 *fill*         0x10000001        0x3 ff
 .data.listsToWrite
                0x10000004        0x4 ./src/main.o
                0x10000004                listsToWrite
                0x10000008                . = ALIGN (0x4)
                0x10000008                _edata = .

.igot.plt       0x10000008        0x0 load address 0x1a003210
 .igot.plt      0x10000008        0x0 ./src/main.o

.bss_RAM2       0x10080000        0x0
                0x10080000                . = ALIGN (0x4)
                [!provide]                PROVIDE (__start_bss_RAM2 = .)
 *(.bss.$RAM2)
 *(.bss.$RamLoc40)
 *(.bss.$RAM2.*)
 *(.bss.$RamLoc40.*)
                0x10080000                . = ALIGN ((. != 0x0)?0x4:0x1)
                [!provide]                PROVIDE (__end_bss_RAM2 = .)

.bss_RAM3       0x20000000        0x0
                0x20000000                . = ALIGN (0x4)
                [!provide]                PROVIDE (__start_bss_RAM3 = .)
 *(.bss.$RAM3)
 *(.bss.$RamAHB32)
 *(.bss.$RAM3.*)
 *(.bss.$RamAHB32.*)
                0x20000000                . = ALIGN ((. != 0x0)?0x4:0x1)
                [!provide]                PROVIDE (__end_bss_RAM3 = .)

.bss_RAM4       0x20008000        0x0
                0x20008000                . = ALIGN (0x4)
                [!provide]                PROVIDE (__start_bss_RAM4 = .)
 *(.bss.$RAM4)
 *(.bss.$RamAHB16)
 *(.bss.$RAM4.*)
 *(.bss.$RamAHB16.*)
                0x20008000                . = ALIGN ((. != 0x0)?0x4:0x1)
                [!provide]                PROVIDE (__end_bss_RAM4 = .)

.bss_RAM5       0x2000c000        0x0
                0x2000c000                . = ALIGN (0x4)
                [!provide]                PROVIDE (__start_bss_RAM5 = .)
 *(.bss.$RAM5)
 *(.bss.$RamAHB_ETB16)
 *(.bss.$RAM5.*)
 *(.bss.$RamAHB_ETB16.*)
                0x2000c000                . = ALIGN ((. != 0x0)?0x4:0x1)
                [!provide]                PROVIDE (__end_bss_RAM5 = .)

.bss            0x10000008     0x2254
                0x10000008                . = ALIGN (0x4)
                0x10000008                _bss = .
 *(.bss*)
 .bss.led0_r    0x10000008        0x6 ./src/main.o
                0x10000008                led0_r
 *fill*         0x1000000e        0x2 
 .bss.led1      0x10000010        0x6 ./src/main.o
                0x10000010                led1
 *fill*         0x10000016        0x2 
 .bss.led2      0x10000018        0x6 ./src/main.o
                0x10000018                led2
 *fill*         0x1000001e        0x2 
 .bss.led3      0x10000020        0x6 ./src/main.o
                0x10000020                led3
 *fill*         0x10000026        0x2 
 .bss.tec1      0x10000028        0x6 ./src/main.o
                0x10000028                tec1
 *fill*         0x1000002e        0x2 
 .bss.tec2      0x10000030        0x6 ./src/main.o
                0x10000030                tec2
 *fill*         0x10000036        0x2 
 .bss.tec3      0x10000038        0x6 ./src/main.o
                0x10000038                tec3
 *fill*         0x1000003e        0x2 
 .bss.tec4      0x10000040        0x6 ./src/main.o
                0x10000040                tec4
 *fill*         0x10000046        0x2 
 .bss.outputValues
                0x10000048      0x800 ./src/main.o
                0x10000048                outputValues
 .bss.sinList   0x10000848      0x800 ./src/main.o
                0x10000848                sinList
 .bss.lliValues
                0x10001048     0x1000 ./src/main.o
                0x10001048                lliValues
 .bss.whoBufferGoes
                0x10002048        0x1 ./src/main.o
                0x10002048                whoBufferGoes
 .bss.programState
                0x10002049        0x1 ./src/main.o
                0x10002049                programState
 *fill*         0x1000204a        0x2 
 .bss.buttonFlags
                0x1000204c        0x4 ./src/main.o
                0x1000204c                buttonFlags
 .bss.firstDataLLI
                0x10002050       0x10 ./src/main.o
                0x10002050                firstDataLLI
 .bss.secondDataLLI
                0x10002060       0x10 ./src/main.o
                0x10002060                secondDataLLI
 .bss.audio_usb_pll_freq
                0x10002070        0x8 C:\Users\Julian\Documents\electronica_digital2\EDU-CIAA-FIRMWARE\lpc_chip_43xx\Debug\liblpc_chip_43xx.a(clock_18xx_43xx.o)
 .bss.errno     0x10002078        0x4 c:/nxp/mcuxpressoide_11.0.0_2516/ide/plugins/com.nxp.mcuxpresso.tools.win32_11.0.0.201905131304/tools/bin/../lib/gcc/arm-none-eabi/8.2.1/../../../../arm-none-eabi/lib/thumb/v7e-m+fp/softfp\libcr_c.a(errno.o)
                0x10002078                errno
 .bss.__Ciob    0x1000207c      0x1e0 c:/nxp/mcuxpressoide_11.0.0_2516/ide/plugins/com.nxp.mcuxpresso.tools.win32_11.0.0.201905131304/tools/bin/../lib/gcc/arm-none-eabi/8.2.1/../../../../arm-none-eabi/lib/thumb/v7e-m+fp/softfp\libcr_semihost.a(__ciob.o)
                0x1000207c                __Ciob
 *(COMMON)
                0x1000225c                . = ALIGN (0x4)
                0x1000225c                _ebss = .
                [!provide]                PROVIDE (end = .)

.noinit_RAM2    0x10080000        0x0
                0x10080000                . = ALIGN (0x4)
 *(.noinit.$RAM2)
 *(.noinit.$RamLoc40)
 *(.noinit.$RAM2.*)
 *(.noinit.$RamLoc40.*)
                0x10080000                . = ALIGN (0x4)

.noinit_RAM3    0x20000000        0x0
                0x20000000                . = ALIGN (0x4)
 *(.noinit.$RAM3)
 *(.noinit.$RamAHB32)
 *(.noinit.$RAM3.*)
 *(.noinit.$RamAHB32.*)
                0x20000000                . = ALIGN (0x4)

.noinit_RAM4    0x20008000        0x0
                0x20008000                . = ALIGN (0x4)
 *(.noinit.$RAM4)
 *(.noinit.$RamAHB16)
 *(.noinit.$RAM4.*)
 *(.noinit.$RamAHB16.*)
                0x20008000                . = ALIGN (0x4)

.noinit_RAM5    0x2000c000        0x0
                0x2000c000                . = ALIGN (0x4)
 *(.noinit.$RAM5)
 *(.noinit.$RamAHB_ETB16)
 *(.noinit.$RAM5.*)
 *(.noinit.$RamAHB_ETB16.*)
                0x2000c000                . = ALIGN (0x4)

.noinit         0x1000225c        0x0
                0x1000225c                . = ALIGN (0x4)
                0x1000225c                _noinit = .
 *(.noinit*)
                0x1000225c                . = ALIGN (0x4)
                0x1000225c                _end_noinit = .
                0x1000225c                PROVIDE (_pvHeapStart = DEFINED (__user_heap_base)?__user_heap_base:.)
                0x10008000                PROVIDE (_vStackTop = DEFINED (__user_stack_top)?__user_stack_top:(__top_RamLoc32 - 0x0))
                0x53ff6cbe                PROVIDE (__valid_user_code_checksum = (0x0 - ((((((_vStackTop + (ResetISR + 0x1)) + (NMI_Handler + 0x1)) + (HardFault_Handler + 0x1)) + (DEFINED (MemManage_Handler)?MemManage_Handler:0x0 + 0x1)) + (DEFINED (BusFault_Handler)?BusFault_Handler:0x0 + 0x1)) + (DEFINED (UsageFault_Handler)?UsageFault_Handler:0x0 + 0x1))))
                0x1a000000                _image_start = LOADADDR (.text)
                0x1a003210                _image_end = (LOADADDR (.data) + SIZEOF (.data))
                0x00003210                _image_size = (_image_end - _image_start)
OUTPUT(firmware_base.axf elf32-littlearm)

.debug_info     0x00000000     0x64be
 .debug_info    0x00000000      0xa8a ./src/main.o
 .debug_info    0x00000a8a      0x412 ./libraries/lpc4337_specific/src/ccu_peripheral.o
 .debug_info    0x00000e9c      0x2bd ./libraries/lpc4337_specific/src/cr_startup_lpc43xx.o
 .debug_info    0x00001159      0x448 ./libraries/lpc4337_specific/src/creg_peripheral.o
 .debug_info    0x000015a1      0x343 ./libraries/lpc4337_specific/src/dac_peripheral.o
 .debug_info    0x000018e4      0x5ab ./libraries/lpc4337_specific/src/gpdma_peripheral.o
 .debug_info    0x00001e8f      0x825 ./libraries/lpc4337_specific/src/gpio_peripheral.o
 .debug_info    0x000026b4      0x3b1 ./libraries/lpc4337_specific/src/nvic_peripheral.o
 .debug_info    0x00002a65      0x272 ./libraries/lpc4337_specific/src/scu_peripheral.o
 .debug_info    0x00002cd7      0x610 ./libraries/lpc4337_specific/src/sysinit.o
 .debug_info    0x000032e7      0x551 ./libraries/lpc4337_specific/src/timer_peripheral.o
 .debug_info    0x00003838      0x364 ./libraries/board_specific/src/delay.o
 .debug_info    0x00003b9c      0x3cf ./libraries/board_specific/src/gpio_board.o
 .debug_info    0x00003f6b      0x38e ./libraries/board_specific/src/interrupts_board.o
 .debug_info    0x000042f9      0x164 C:\Users\Julian\Documents\electronica_digital2\EDU-CIAA-FIRMWARE\lpc_chip_43xx\Debug\liblpc_chip_43xx.a(fpu_init.o)
 .debug_info    0x0000445d      0x99f C:\Users\Julian\Documents\electronica_digital2\EDU-CIAA-FIRMWARE\lpc_chip_43xx\Debug\liblpc_chip_43xx.a(sysinit_18xx_43xx.o)
 .debug_info    0x00004dfc     0x16c2 C:\Users\Julian\Documents\electronica_digital2\EDU-CIAA-FIRMWARE\lpc_chip_43xx\Debug\liblpc_chip_43xx.a(clock_18xx_43xx.o)

.debug_abbrev   0x00000000     0x18a5
 .debug_abbrev  0x00000000      0x1ed ./src/main.o
 .debug_abbrev  0x000001ed      0x181 ./libraries/lpc4337_specific/src/ccu_peripheral.o
 .debug_abbrev  0x0000036e      0x120 ./libraries/lpc4337_specific/src/cr_startup_lpc43xx.o
 .debug_abbrev  0x0000048e      0x12b ./libraries/lpc4337_specific/src/creg_peripheral.o
 .debug_abbrev  0x000005b9      0x189 ./libraries/lpc4337_specific/src/dac_peripheral.o
 .debug_abbrev  0x00000742      0x1a7 ./libraries/lpc4337_specific/src/gpdma_peripheral.o
 .debug_abbrev  0x000008e9      0x18c ./libraries/lpc4337_specific/src/gpio_peripheral.o
 .debug_abbrev  0x00000a75      0x140 ./libraries/lpc4337_specific/src/nvic_peripheral.o
 .debug_abbrev  0x00000bb5      0x112 ./libraries/lpc4337_specific/src/scu_peripheral.o
 .debug_abbrev  0x00000cc7      0x109 ./libraries/lpc4337_specific/src/sysinit.o
 .debug_abbrev  0x00000dd0      0x192 ./libraries/lpc4337_specific/src/timer_peripheral.o
 .debug_abbrev  0x00000f62      0x12e ./libraries/board_specific/src/delay.o
 .debug_abbrev  0x00001090      0x183 ./libraries/board_specific/src/gpio_board.o
 .debug_abbrev  0x00001213       0xf2 ./libraries/board_specific/src/interrupts_board.o
 .debug_abbrev  0x00001305       0xb4 C:\Users\Julian\Documents\electronica_digital2\EDU-CIAA-FIRMWARE\lpc_chip_43xx\Debug\liblpc_chip_43xx.a(fpu_init.o)
 .debug_abbrev  0x000013b9      0x1d1 C:\Users\Julian\Documents\electronica_digital2\EDU-CIAA-FIRMWARE\lpc_chip_43xx\Debug\liblpc_chip_43xx.a(sysinit_18xx_43xx.o)
 .debug_abbrev  0x0000158a      0x31b C:\Users\Julian\Documents\electronica_digital2\EDU-CIAA-FIRMWARE\lpc_chip_43xx\Debug\liblpc_chip_43xx.a(clock_18xx_43xx.o)

.debug_aranges  0x00000000      0x620
 .debug_aranges
                0x00000000       0x98 ./src/main.o
 .debug_aranges
                0x00000098       0x28 ./libraries/lpc4337_specific/src/ccu_peripheral.o
 .debug_aranges
                0x000000c0       0x80 ./libraries/lpc4337_specific/src/cr_startup_lpc43xx.o
 .debug_aranges
                0x00000140       0x20 ./libraries/lpc4337_specific/src/creg_peripheral.o
 .debug_aranges
                0x00000160       0x48 ./libraries/lpc4337_specific/src/dac_peripheral.o
 .debug_aranges
                0x000001a8       0x48 ./libraries/lpc4337_specific/src/gpdma_peripheral.o
 .debug_aranges
                0x000001f0       0xc8 ./libraries/lpc4337_specific/src/gpio_peripheral.o
 .debug_aranges
                0x000002b8       0x28 ./libraries/lpc4337_specific/src/nvic_peripheral.o
 .debug_aranges
                0x000002e0       0x28 ./libraries/lpc4337_specific/src/scu_peripheral.o
 .debug_aranges
                0x00000308       0x20 ./libraries/lpc4337_specific/src/sysinit.o
 .debug_aranges
                0x00000328       0x98 ./libraries/lpc4337_specific/src/timer_peripheral.o
 .debug_aranges
                0x000003c0       0x38 ./libraries/board_specific/src/delay.o
 .debug_aranges
                0x000003f8       0x60 ./libraries/board_specific/src/gpio_board.o
 .debug_aranges
                0x00000458       0x20 ./libraries/board_specific/src/interrupts_board.o
 .debug_aranges
                0x00000478       0x20 C:\Users\Julian\Documents\electronica_digital2\EDU-CIAA-FIRMWARE\lpc_chip_43xx\Debug\liblpc_chip_43xx.a(fpu_init.o)
 .debug_aranges
                0x00000498       0x50 C:\Users\Julian\Documents\electronica_digital2\EDU-CIAA-FIRMWARE\lpc_chip_43xx\Debug\liblpc_chip_43xx.a(sysinit_18xx_43xx.o)
 .debug_aranges
                0x000004e8      0x138 C:\Users\Julian\Documents\electronica_digital2\EDU-CIAA-FIRMWARE\lpc_chip_43xx\Debug\liblpc_chip_43xx.a(clock_18xx_43xx.o)

.debug_ranges   0x00000000      0x528
 .debug_ranges  0x00000000       0x88 ./src/main.o
 .debug_ranges  0x00000088       0x18 ./libraries/lpc4337_specific/src/ccu_peripheral.o
 .debug_ranges  0x000000a0       0x70 ./libraries/lpc4337_specific/src/cr_startup_lpc43xx.o
 .debug_ranges  0x00000110       0x10 ./libraries/lpc4337_specific/src/creg_peripheral.o
 .debug_ranges  0x00000120       0x38 ./libraries/lpc4337_specific/src/dac_peripheral.o
 .debug_ranges  0x00000158       0x38 ./libraries/lpc4337_specific/src/gpdma_peripheral.o
 .debug_ranges  0x00000190       0xb8 ./libraries/lpc4337_specific/src/gpio_peripheral.o
 .debug_ranges  0x00000248       0x18 ./libraries/lpc4337_specific/src/nvic_peripheral.o
 .debug_ranges  0x00000260       0x18 ./libraries/lpc4337_specific/src/scu_peripheral.o
 .debug_ranges  0x00000278       0x10 ./libraries/lpc4337_specific/src/sysinit.o
 .debug_ranges  0x00000288       0x88 ./libraries/lpc4337_specific/src/timer_peripheral.o
 .debug_ranges  0x00000310       0x28 ./libraries/board_specific/src/delay.o
 .debug_ranges  0x00000338       0x50 ./libraries/board_specific/src/gpio_board.o
 .debug_ranges  0x00000388       0x10 ./libraries/board_specific/src/interrupts_board.o
 .debug_ranges  0x00000398       0x10 C:\Users\Julian\Documents\electronica_digital2\EDU-CIAA-FIRMWARE\lpc_chip_43xx\Debug\liblpc_chip_43xx.a(fpu_init.o)
 .debug_ranges  0x000003a8       0x40 C:\Users\Julian\Documents\electronica_digital2\EDU-CIAA-FIRMWARE\lpc_chip_43xx\Debug\liblpc_chip_43xx.a(sysinit_18xx_43xx.o)
 .debug_ranges  0x000003e8      0x140 C:\Users\Julian\Documents\electronica_digital2\EDU-CIAA-FIRMWARE\lpc_chip_43xx\Debug\liblpc_chip_43xx.a(clock_18xx_43xx.o)

.debug_macro    0x00000000     0x688f
 .debug_macro   0x00000000      0x146 ./src/main.o
 .debug_macro   0x00000146      0xaba ./src/main.o
 .debug_macro   0x00000c00       0x10 ./src/main.o
 .debug_macro   0x00000c10      0x12e ./src/main.o
 .debug_macro   0x00000d3e       0x28 ./src/main.o
 .debug_macro   0x00000d66      0x5b3 ./src/main.o
 .debug_macro   0x00001319       0x22 ./src/main.o
 .debug_macro   0x0000133b       0xc4 ./src/main.o
 .debug_macro   0x000013ff       0x22 ./src/main.o
 .debug_macro   0x00001421       0x16 ./src/main.o
 .debug_macro   0x00001437       0x1c ./src/main.o
 .debug_macro   0x00001453       0x1c ./src/main.o
 .debug_macro   0x0000146f       0xb2 ./src/main.o
 .debug_macro   0x00001521       0x16 ./src/main.o
 .debug_macro   0x00001537       0x28 ./src/main.o
 .debug_macro   0x0000155f       0x22 ./src/main.o
 .debug_macro   0x00001581       0x2e ./src/main.o
 .debug_macro   0x000015af       0x16 ./src/main.o
 .debug_macro   0x000015c5       0x70 ./src/main.o
 .debug_macro   0x00001635       0x16 ./src/main.o
 .debug_macro   0x0000164b       0x34 ./src/main.o
 .debug_macro   0x0000167f       0x92 ./libraries/lpc4337_specific/src/ccu_peripheral.o
 .debug_macro   0x00001711       0x1d ./libraries/lpc4337_specific/src/cr_startup_lpc43xx.o
 .debug_macro   0x0000172e       0x7f ./libraries/lpc4337_specific/src/creg_peripheral.o
 .debug_macro   0x000017ad       0x10 ./libraries/lpc4337_specific/src/creg_peripheral.o
 .debug_macro   0x000017bd       0xa0 ./libraries/lpc4337_specific/src/dac_peripheral.o
 .debug_macro   0x0000185d       0x1c ./libraries/lpc4337_specific/src/dac_peripheral.o
 .debug_macro   0x00001879       0x88 ./libraries/lpc4337_specific/src/gpdma_peripheral.o
 .debug_macro   0x00001901       0x88 ./libraries/lpc4337_specific/src/gpio_peripheral.o
 .debug_macro   0x00001989       0x7f ./libraries/lpc4337_specific/src/nvic_peripheral.o
 .debug_macro   0x00001a08       0x10 ./libraries/lpc4337_specific/src/nvic_peripheral.o
 .debug_macro   0x00001a18       0x7f ./libraries/lpc4337_specific/src/scu_peripheral.o
 .debug_macro   0x00001a97       0x10 ./libraries/lpc4337_specific/src/scu_peripheral.o
 .debug_macro   0x00001aa7      0x2da ./libraries/lpc4337_specific/src/sysinit.o
 .debug_macro   0x00001d81       0x10 ./libraries/lpc4337_specific/src/sysinit.o
 .debug_macro   0x00001d91       0x7b ./libraries/lpc4337_specific/src/sysinit.o
 .debug_macro   0x00001e0c       0x28 ./libraries/lpc4337_specific/src/sysinit.o
 .debug_macro   0x00001e34       0x3b ./libraries/lpc4337_specific/src/sysinit.o
 .debug_macro   0x00001e6f       0x2d ./libraries/lpc4337_specific/src/sysinit.o
 .debug_macro   0x00001e9c       0x42 ./libraries/lpc4337_specific/src/sysinit.o
 .debug_macro   0x00001ede      0xd39 ./libraries/lpc4337_specific/src/sysinit.o
 .debug_macro   0x00002c17      0x2bc ./libraries/lpc4337_specific/src/sysinit.o
 .debug_macro   0x00002ed3      0x112 ./libraries/lpc4337_specific/src/sysinit.o
 .debug_macro   0x00002fe5       0x11 ./libraries/lpc4337_specific/src/sysinit.o
 .debug_macro   0x00002ff6       0x2a ./libraries/lpc4337_specific/src/sysinit.o
 .debug_macro   0x00003020       0x16 ./libraries/lpc4337_specific/src/sysinit.o
 .debug_macro   0x00003036      0x2e6 ./libraries/lpc4337_specific/src/sysinit.o
 .debug_macro   0x0000331c       0x82 ./libraries/lpc4337_specific/src/sysinit.o
 .debug_macro   0x0000339e      0x13d ./libraries/lpc4337_specific/src/sysinit.o
 .debug_macro   0x000034db      0x198 ./libraries/lpc4337_specific/src/sysinit.o
 .debug_macro   0x00003673       0x34 ./libraries/lpc4337_specific/src/sysinit.o
 .debug_macro   0x000036a7       0x58 ./libraries/lpc4337_specific/src/sysinit.o
 .debug_macro   0x000036ff      0x236 ./libraries/lpc4337_specific/src/sysinit.o
 .debug_macro   0x00003935      0x572 ./libraries/lpc4337_specific/src/sysinit.o
 .debug_macro   0x00003ea7       0x16 ./libraries/lpc4337_specific/src/sysinit.o
 .debug_macro   0x00003ebd      0x18a ./libraries/lpc4337_specific/src/sysinit.o
 .debug_macro   0x00004047       0x88 ./libraries/lpc4337_specific/src/sysinit.o
 .debug_macro   0x000040cf      0x1b9 ./libraries/lpc4337_specific/src/sysinit.o
 .debug_macro   0x00004288      0x1da ./libraries/lpc4337_specific/src/sysinit.o
 .debug_macro   0x00004462       0x40 ./libraries/lpc4337_specific/src/sysinit.o
 .debug_macro   0x000044a2       0x1c ./libraries/lpc4337_specific/src/sysinit.o
 .debug_macro   0x000044be       0x2e ./libraries/lpc4337_specific/src/sysinit.o
 .debug_macro   0x000044ec       0x2e ./libraries/lpc4337_specific/src/sysinit.o
 .debug_macro   0x0000451a       0x22 ./libraries/lpc4337_specific/src/sysinit.o
 .debug_macro   0x0000453c      0x201 ./libraries/lpc4337_specific/src/sysinit.o
 .debug_macro   0x0000473d       0xe0 ./libraries/lpc4337_specific/src/sysinit.o
 .debug_macro   0x0000481d      0x34c ./libraries/lpc4337_specific/src/sysinit.o
 .debug_macro   0x00004b69       0xdc ./libraries/lpc4337_specific/src/sysinit.o
 .debug_macro   0x00004c45       0xc4 ./libraries/lpc4337_specific/src/sysinit.o
 .debug_macro   0x00004d09       0x94 ./libraries/lpc4337_specific/src/sysinit.o
 .debug_macro   0x00004d9d       0xb8 ./libraries/lpc4337_specific/src/sysinit.o
 .debug_macro   0x00004e55       0x4c ./libraries/lpc4337_specific/src/sysinit.o
 .debug_macro   0x00004ea1       0x16 ./libraries/lpc4337_specific/src/sysinit.o
 .debug_macro   0x00004eb7      0x328 ./libraries/lpc4337_specific/src/sysinit.o
 .debug_macro   0x000051df       0x3a ./libraries/lpc4337_specific/src/sysinit.o
 .debug_macro   0x00005219       0xd0 ./libraries/lpc4337_specific/src/sysinit.o
 .debug_macro   0x000052e9       0x18 ./libraries/lpc4337_specific/src/sysinit.o
 .debug_macro   0x00005301       0x22 ./libraries/lpc4337_specific/src/sysinit.o
 .debug_macro   0x00005323       0x40 ./libraries/lpc4337_specific/src/sysinit.o
 .debug_macro   0x00005363       0x92 ./libraries/lpc4337_specific/src/timer_peripheral.o
 .debug_macro   0x000053f5      0x118 ./libraries/board_specific/src/delay.o
 .debug_macro   0x0000550d      0x125 ./libraries/board_specific/src/gpio_board.o
 .debug_macro   0x00005632       0x10 ./libraries/board_specific/src/gpio_board.o
 .debug_macro   0x00005642      0x12b ./libraries/board_specific/src/interrupts_board.o
 .debug_macro   0x0000576d       0xc0 C:\Users\Julian\Documents\electronica_digital2\EDU-CIAA-FIRMWARE\lpc_chip_43xx\Debug\liblpc_chip_43xx.a(fpu_init.o)
 .debug_macro   0x0000582d      0xaa8 C:\Users\Julian\Documents\electronica_digital2\EDU-CIAA-FIRMWARE\lpc_chip_43xx\Debug\liblpc_chip_43xx.a(fpu_init.o)
 .debug_macro   0x000062d5      0x2da C:\Users\Julian\Documents\electronica_digital2\EDU-CIAA-FIRMWARE\lpc_chip_43xx\Debug\liblpc_chip_43xx.a(sysinit_18xx_43xx.o)
 .debug_macro   0x000065af      0x2e0 C:\Users\Julian\Documents\electronica_digital2\EDU-CIAA-FIRMWARE\lpc_chip_43xx\Debug\liblpc_chip_43xx.a(clock_18xx_43xx.o)

.debug_line     0x00000000     0x538b
 .debug_line    0x00000000      0x805 ./src/main.o
 .debug_line    0x00000805      0x285 ./libraries/lpc4337_specific/src/ccu_peripheral.o
 .debug_line    0x00000a8a      0x1bd ./libraries/lpc4337_specific/src/cr_startup_lpc43xx.o
 .debug_line    0x00000c47      0x269 ./libraries/lpc4337_specific/src/creg_peripheral.o
 .debug_line    0x00000eb0      0x307 ./libraries/lpc4337_specific/src/dac_peripheral.o
 .debug_line    0x000011b7      0x35e ./libraries/lpc4337_specific/src/gpdma_peripheral.o
 .debug_line    0x00001515      0x51e ./libraries/lpc4337_specific/src/gpio_peripheral.o
 .debug_line    0x00001a33      0x26b ./libraries/lpc4337_specific/src/nvic_peripheral.o
 .debug_line    0x00001c9e      0x258 ./libraries/lpc4337_specific/src/scu_peripheral.o
 .debug_line    0x00001ef6      0x688 ./libraries/lpc4337_specific/src/sysinit.o
 .debug_line    0x0000257e      0x437 ./libraries/lpc4337_specific/src/timer_peripheral.o
 .debug_line    0x000029b5      0x476 ./libraries/board_specific/src/delay.o
 .debug_line    0x00002e2b      0x661 ./libraries/board_specific/src/gpio_board.o
 .debug_line    0x0000348c      0x44b ./libraries/board_specific/src/interrupts_board.o
 .debug_line    0x000038d7      0x2a2 C:\Users\Julian\Documents\electronica_digital2\EDU-CIAA-FIRMWARE\lpc_chip_43xx\Debug\liblpc_chip_43xx.a(fpu_init.o)
 .debug_line    0x00003b79      0x808 C:\Users\Julian\Documents\electronica_digital2\EDU-CIAA-FIRMWARE\lpc_chip_43xx\Debug\liblpc_chip_43xx.a(sysinit_18xx_43xx.o)
 .debug_line    0x00004381     0x100a C:\Users\Julian\Documents\electronica_digital2\EDU-CIAA-FIRMWARE\lpc_chip_43xx\Debug\liblpc_chip_43xx.a(clock_18xx_43xx.o)

.debug_str      0x00000000    0x19484
 .debug_str     0x00000000     0x6368 ./src/main.o
                               0x644b (size before relaxing)
 .debug_str     0x00006368       0xbd ./libraries/lpc4337_specific/src/ccu_peripheral.o
                               0x535a (size before relaxing)
 .debug_str     0x00006425      0x20d ./libraries/lpc4337_specific/src/cr_startup_lpc43xx.o
                               0x3059 (size before relaxing)
 .debug_str     0x00006632      0x157 ./libraries/lpc4337_specific/src/creg_peripheral.o
                               0x4fc1 (size before relaxing)
 .debug_str     0x00006789      0x12a ./libraries/lpc4337_specific/src/dac_peripheral.o
                               0x5080 (size before relaxing)
 .debug_str     0x000068b3      0x272 ./libraries/lpc4337_specific/src/gpdma_peripheral.o
                               0x520f (size before relaxing)
 .debug_str     0x00006b25      0x240 ./libraries/lpc4337_specific/src/gpio_peripheral.o
                               0x4f4c (size before relaxing)
 .debug_str     0x00006d65       0x87 ./libraries/lpc4337_specific/src/nvic_peripheral.o
                               0x4fac (size before relaxing)
 .debug_str     0x00006dec       0x5a ./libraries/lpc4337_specific/src/scu_peripheral.o
                               0x4ca1 (size before relaxing)
 .debug_str     0x00006e46    0x117cb ./libraries/lpc4337_specific/src/sysinit.o
                              0x163b6 (size before relaxing)
 .debug_str     0x00018611      0x1f4 ./libraries/lpc4337_specific/src/timer_peripheral.o
                               0x50d7 (size before relaxing)
 .debug_str     0x00018805       0xab ./libraries/board_specific/src/delay.o
                               0x59ab (size before relaxing)
 .debug_str     0x000188b0      0x171 ./libraries/board_specific/src/gpio_board.o
                               0x5844 (size before relaxing)
 .debug_str     0x00018a21       0x69 ./libraries/board_specific/src/interrupts_board.o
                               0x5a9a (size before relaxing)
 .debug_str     0x00018a8a      0x210 C:\Users\Julian\Documents\electronica_digital2\EDU-CIAA-FIRMWARE\lpc_chip_43xx\Debug\liblpc_chip_43xx.a(fpu_init.o)
                               0xa1b1 (size before relaxing)
 .debug_str     0x00018c9a      0x2ed C:\Users\Julian\Documents\electronica_digital2\EDU-CIAA-FIRMWARE\lpc_chip_43xx\Debug\liblpc_chip_43xx.a(sysinit_18xx_43xx.o)
                              0x1663b (size before relaxing)
 .debug_str     0x00018f87      0x4fd C:\Users\Julian\Documents\electronica_digital2\EDU-CIAA-FIRMWARE\lpc_chip_43xx\Debug\liblpc_chip_43xx.a(clock_18xx_43xx.o)
                              0x16bdb (size before relaxing)

.comment        0x00000000       0x75
 .comment       0x00000000       0x75 ./src/main.o
                                 0x76 (size before relaxing)
 .comment       0x00000075       0x76 ./libraries/lpc4337_specific/src/ccu_peripheral.o
 .comment       0x00000075       0x76 ./libraries/lpc4337_specific/src/cr_startup_lpc43xx.o
 .comment       0x00000075       0x76 ./libraries/lpc4337_specific/src/creg_peripheral.o
 .comment       0x00000075       0x76 ./libraries/lpc4337_specific/src/dac_peripheral.o
 .comment       0x00000075       0x76 ./libraries/lpc4337_specific/src/gpdma_peripheral.o
 .comment       0x00000075       0x76 ./libraries/lpc4337_specific/src/gpio_peripheral.o
 .comment       0x00000075       0x76 ./libraries/lpc4337_specific/src/nvic_peripheral.o
 .comment       0x00000075       0x76 ./libraries/lpc4337_specific/src/scu_peripheral.o
 .comment       0x00000075       0x76 ./libraries/lpc4337_specific/src/sysinit.o
 .comment       0x00000075       0x76 ./libraries/lpc4337_specific/src/timer_peripheral.o
 .comment       0x00000075       0x76 ./libraries/board_specific/src/delay.o
 .comment       0x00000075       0x76 ./libraries/board_specific/src/gpio_board.o
 .comment       0x00000075       0x76 ./libraries/board_specific/src/interrupts_board.o
 .comment       0x00000075       0x76 C:\Users\Julian\Documents\electronica_digital2\EDU-CIAA-FIRMWARE\lpc_chip_43xx\Debug\liblpc_chip_43xx.a(fpu_init.o)
 .comment       0x00000075       0x76 C:\Users\Julian\Documents\electronica_digital2\EDU-CIAA-FIRMWARE\lpc_chip_43xx\Debug\liblpc_chip_43xx.a(sysinit_18xx_43xx.o)
 .comment       0x00000075       0x76 C:\Users\Julian\Documents\electronica_digital2\EDU-CIAA-FIRMWARE\lpc_chip_43xx\Debug\liblpc_chip_43xx.a(clock_18xx_43xx.o)
 .comment       0x00000075       0x76 c:/nxp/mcuxpressoide_11.0.0_2516/ide/plugins/com.nxp.mcuxpresso.tools.win32_11.0.0.201905131304/tools/bin/../lib/gcc/arm-none-eabi/8.2.1/../../../../arm-none-eabi/lib/thumb/v7e-m+fp/softfp\libcr_semihost.a(_cr__main.o)
 .comment       0x00000075       0x76 c:/nxp/mcuxpressoide_11.0.0_2516/ide/plugins/com.nxp.mcuxpresso.tools.win32_11.0.0.201905131304/tools/bin/../lib/gcc/arm-none-eabi/8.2.1/../../../../arm-none-eabi/lib/thumb/v7e-m+fp/softfp\libcr_c.a(memset.o)
 .comment       0x00000075       0x76 c:/nxp/mcuxpressoide_11.0.0_2516/ide/plugins/com.nxp.mcuxpresso.tools.win32_11.0.0.201905131304/tools/bin/../lib/gcc/arm-none-eabi/8.2.1/../../../../arm-none-eabi/lib/thumb/v7e-m+fp/softfp\libcr_c.a(initio.o)
 .comment       0x00000075       0x76 c:/nxp/mcuxpressoide_11.0.0_2516/ide/plugins/com.nxp.mcuxpresso.tools.win32_11.0.0.201905131304/tools/bin/../lib/gcc/arm-none-eabi/8.2.1/../../../../arm-none-eabi/lib/thumb/v7e-m+fp/softfp\libcr_c.a(setvbuf.o)
 .comment       0x00000075       0x76 c:/nxp/mcuxpressoide_11.0.0_2516/ide/plugins/com.nxp.mcuxpresso.tools.win32_11.0.0.201905131304/tools/bin/../lib/gcc/arm-none-eabi/8.2.1/../../../../arm-none-eabi/lib/thumb/v7e-m+fp/softfp\libcr_c.a(sin.o)
 .comment       0x00000075       0x76 c:/nxp/mcuxpressoide_11.0.0_2516/ide/plugins/com.nxp.mcuxpresso.tools.win32_11.0.0.201905131304/tools/bin/../lib/gcc/arm-none-eabi/8.2.1/../../../../arm-none-eabi/lib/thumb/v7e-m+fp/softfp\libcr_c.a(_fdopen.o)
 .comment       0x00000075       0x76 c:/nxp/mcuxpressoide_11.0.0_2516/ide/plugins/com.nxp.mcuxpresso.tools.win32_11.0.0.201905131304/tools/bin/../lib/gcc/arm-none-eabi/8.2.1/../../../../arm-none-eabi/lib/thumb/v7e-m+fp/softfp\libcr_c.a(_sincos.o)
 .comment       0x00000075       0x76 c:/nxp/mcuxpressoide_11.0.0_2516/ide/plugins/com.nxp.mcuxpresso.tools.win32_11.0.0.201905131304/tools/bin/../lib/gcc/arm-none-eabi/8.2.1/../../../../arm-none-eabi/lib/thumb/v7e-m+fp/softfp\libcr_c.a(errno.o)
 .comment       0x00000075       0x76 c:/nxp/mcuxpressoide_11.0.0_2516/ide/plugins/com.nxp.mcuxpresso.tools.win32_11.0.0.201905131304/tools/bin/../lib/gcc/arm-none-eabi/8.2.1/../../../../arm-none-eabi/lib/thumb/v7e-m+fp/softfp\libcr_c.a(fabs.o)
 .comment       0x00000075       0x76 c:/nxp/mcuxpressoide_11.0.0_2516/ide/plugins/com.nxp.mcuxpresso.tools.win32_11.0.0.201905131304/tools/bin/../lib/gcc/arm-none-eabi/8.2.1/../../../../arm-none-eabi/lib/thumb/v7e-m+fp/softfp\libcr_c.a(fclose.o)
 .comment       0x00000075       0x76 c:/nxp/mcuxpressoide_11.0.0_2516/ide/plugins/com.nxp.mcuxpresso.tools.win32_11.0.0.201905131304/tools/bin/../lib/gcc/arm-none-eabi/8.2.1/../../../../arm-none-eabi/lib/thumb/v7e-m+fp/softfp\libcr_c.a(fflush.o)
 .comment       0x00000075       0x76 c:/nxp/mcuxpressoide_11.0.0_2516/ide/plugins/com.nxp.mcuxpresso.tools.win32_11.0.0.201905131304/tools/bin/../lib/gcc/arm-none-eabi/8.2.1/../../../../arm-none-eabi/lib/thumb/v7e-m+fp/softfp\libcr_c.a(fseek.o)
 .comment       0x00000075       0x76 c:/nxp/mcuxpressoide_11.0.0_2516/ide/plugins/com.nxp.mcuxpresso.tools.win32_11.0.0.201905131304/tools/bin/../lib/gcc/arm-none-eabi/8.2.1/../../../../arm-none-eabi/lib/thumb/v7e-m+fp/softfp\libcr_c.a(ftell.o)
 .comment       0x00000075       0x76 c:/nxp/mcuxpressoide_11.0.0_2516/ide/plugins/com.nxp.mcuxpresso.tools.win32_11.0.0.201905131304/tools/bin/../lib/gcc/arm-none-eabi/8.2.1/../../../../arm-none-eabi/lib/thumb/v7e-m+fp/softfp\libcr_c.a(remove.o)
 .comment       0x00000075       0x76 c:/nxp/mcuxpressoide_11.0.0_2516/ide/plugins/com.nxp.mcuxpresso.tools.win32_11.0.0.201905131304/tools/bin/../lib/gcc/arm-none-eabi/8.2.1/../../../../arm-none-eabi/lib/thumb/v7e-m+fp/softfp\libcr_c.a(strlen.o)
 .comment       0x00000075       0x76 c:/nxp/mcuxpressoide_11.0.0_2516/ide/plugins/com.nxp.mcuxpresso.tools.win32_11.0.0.201905131304/tools/bin/../lib/gcc/arm-none-eabi/8.2.1/../../../../arm-none-eabi/lib/thumb/v7e-m+fp/softfp\libcr_c.a(_do_fflush.o)
 .comment       0x00000075       0x76 c:/nxp/mcuxpressoide_11.0.0_2516/ide/plugins/com.nxp.mcuxpresso.tools.win32_11.0.0.201905131304/tools/bin/../lib/gcc/arm-none-eabi/8.2.1/../../../../arm-none-eabi/lib/thumb/v7e-m+fp/softfp\libcr_c.a(_fflush.o)
 .comment       0x00000075       0x76 c:/nxp/mcuxpressoide_11.0.0_2516/ide/plugins/com.nxp.mcuxpresso.tools.win32_11.0.0.201905131304/tools/bin/../lib/gcc/arm-none-eabi/8.2.1/../../../../arm-none-eabi/lib/thumb/v7e-m+fp/softfp\libcr_c.a(_writebuf.o)
 .comment       0x00000075       0x76 c:/nxp/mcuxpressoide_11.0.0_2516/ide/plugins/com.nxp.mcuxpresso.tools.win32_11.0.0.201905131304/tools/bin/../lib/gcc/arm-none-eabi/8.2.1/../../../../arm-none-eabi/lib/thumb/v7e-m+fp/softfp\libcr_c.a(alloc.o)
 .comment       0x00000075       0x76 c:/nxp/mcuxpressoide_11.0.0_2516/ide/plugins/com.nxp.mcuxpresso.tools.win32_11.0.0.201905131304/tools/bin/../lib/gcc/arm-none-eabi/8.2.1/../../../../arm-none-eabi/lib/thumb/v7e-m+fp/softfp\libcr_c.a(_deferredlazyseek.o)
 .comment       0x00000075       0x76 c:/nxp/mcuxpressoide_11.0.0_2516/ide/plugins/com.nxp.mcuxpresso.tools.win32_11.0.0.201905131304/tools/bin/../lib/gcc/arm-none-eabi/8.2.1/thumb/v7e-m+fp/softfp\libcr_eabihelpers.a(double.o)
 .comment       0x00000075       0x76 c:/nxp/mcuxpressoide_11.0.0_2516/ide/plugins/com.nxp.mcuxpresso.tools.win32_11.0.0.201905131304/tools/bin/../lib/gcc/arm-none-eabi/8.2.1/thumb/v7e-m+fp/softfp\libcr_eabihelpers.a(float.o)
 .comment       0x00000075       0x76 c:/nxp/mcuxpressoide_11.0.0_2516/ide/plugins/com.nxp.mcuxpresso.tools.win32_11.0.0.201905131304/tools/bin/../lib/gcc/arm-none-eabi/8.2.1/../../../../arm-none-eabi/lib/thumb/v7e-m+fp/softfp\libcr_semihost.a(__ciob.o)

.ARM.attributes
                0x00000000       0x30
 .ARM.attributes
                0x00000000       0x32 ./src/main.o
 .ARM.attributes
                0x00000032       0x32 ./libraries/lpc4337_specific/src/ccu_peripheral.o
 .ARM.attributes
                0x00000064       0x32 ./libraries/lpc4337_specific/src/cr_startup_lpc43xx.o
 .ARM.attributes
                0x00000096       0x32 ./libraries/lpc4337_specific/src/creg_peripheral.o
 .ARM.attributes
                0x000000c8       0x32 ./libraries/lpc4337_specific/src/dac_peripheral.o
 .ARM.attributes
                0x000000fa       0x32 ./libraries/lpc4337_specific/src/gpdma_peripheral.o
 .ARM.attributes
                0x0000012c       0x32 ./libraries/lpc4337_specific/src/gpio_peripheral.o
 .ARM.attributes
                0x0000015e       0x32 ./libraries/lpc4337_specific/src/nvic_peripheral.o
 .ARM.attributes
                0x00000190       0x32 ./libraries/lpc4337_specific/src/scu_peripheral.o
 .ARM.attributes
                0x000001c2       0x32 ./libraries/lpc4337_specific/src/sysinit.o
 .ARM.attributes
                0x000001f4       0x32 ./libraries/lpc4337_specific/src/timer_peripheral.o
 .ARM.attributes
                0x00000226       0x32 ./libraries/board_specific/src/delay.o
 .ARM.attributes
                0x00000258       0x32 ./libraries/board_specific/src/gpio_board.o
 .ARM.attributes
                0x0000028a       0x32 ./libraries/board_specific/src/interrupts_board.o
 .ARM.attributes
                0x000002bc       0x32 C:\Users\Julian\Documents\electronica_digital2\EDU-CIAA-FIRMWARE\lpc_chip_43xx\Debug\liblpc_chip_43xx.a(fpu_init.o)
 .ARM.attributes
                0x000002ee       0x32 C:\Users\Julian\Documents\electronica_digital2\EDU-CIAA-FIRMWARE\lpc_chip_43xx\Debug\liblpc_chip_43xx.a(sysinit_18xx_43xx.o)
 .ARM.attributes
                0x00000320       0x32 C:\Users\Julian\Documents\electronica_digital2\EDU-CIAA-FIRMWARE\lpc_chip_43xx\Debug\liblpc_chip_43xx.a(clock_18xx_43xx.o)
 .ARM.attributes
                0x00000352       0x32 c:/nxp/mcuxpressoide_11.0.0_2516/ide/plugins/com.nxp.mcuxpresso.tools.win32_11.0.0.201905131304/tools/bin/../lib/gcc/arm-none-eabi/8.2.1/../../../../arm-none-eabi/lib/thumb/v7e-m+fp/softfp\libcr_semihost.a(_cr__main.o)
 .ARM.attributes
                0x00000384       0x32 c:/nxp/mcuxpressoide_11.0.0_2516/ide/plugins/com.nxp.mcuxpresso.tools.win32_11.0.0.201905131304/tools/bin/../lib/gcc/arm-none-eabi/8.2.1/../../../../arm-none-eabi/lib/thumb/v7e-m+fp/softfp\libcr_c.a(memset.o)
 .ARM.attributes
                0x000003b6       0x32 c:/nxp/mcuxpressoide_11.0.0_2516/ide/plugins/com.nxp.mcuxpresso.tools.win32_11.0.0.201905131304/tools/bin/../lib/gcc/arm-none-eabi/8.2.1/../../../../arm-none-eabi/lib/thumb/v7e-m+fp/softfp\libcr_c.a(initio.o)
 .ARM.attributes
                0x000003e8       0x32 c:/nxp/mcuxpressoide_11.0.0_2516/ide/plugins/com.nxp.mcuxpresso.tools.win32_11.0.0.201905131304/tools/bin/../lib/gcc/arm-none-eabi/8.2.1/../../../../arm-none-eabi/lib/thumb/v7e-m+fp/softfp\libcr_c.a(setvbuf.o)
 .ARM.attributes
                0x0000041a       0x32 c:/nxp/mcuxpressoide_11.0.0_2516/ide/plugins/com.nxp.mcuxpresso.tools.win32_11.0.0.201905131304/tools/bin/../lib/gcc/arm-none-eabi/8.2.1/../../../../arm-none-eabi/lib/thumb/v7e-m+fp/softfp\libcr_c.a(sin.o)
 .ARM.attributes
                0x0000044c       0x32 c:/nxp/mcuxpressoide_11.0.0_2516/ide/plugins/com.nxp.mcuxpresso.tools.win32_11.0.0.201905131304/tools/bin/../lib/gcc/arm-none-eabi/8.2.1/../../../../arm-none-eabi/lib/thumb/v7e-m+fp/softfp\libcr_c.a(_fdopen.o)
 .ARM.attributes
                0x0000047e       0x32 c:/nxp/mcuxpressoide_11.0.0_2516/ide/plugins/com.nxp.mcuxpresso.tools.win32_11.0.0.201905131304/tools/bin/../lib/gcc/arm-none-eabi/8.2.1/../../../../arm-none-eabi/lib/thumb/v7e-m+fp/softfp\libcr_c.a(_sincos.o)
 .ARM.attributes
                0x000004b0       0x37 c:/nxp/mcuxpressoide_11.0.0_2516/ide/plugins/com.nxp.mcuxpresso.tools.win32_11.0.0.201905131304/tools/bin/../lib/gcc/arm-none-eabi/8.2.1/../../../../arm-none-eabi/lib/thumb/v7e-m+fp/softfp\libcr_c.a(errno.o)
 .ARM.attributes
                0x000004e7       0x32 c:/nxp/mcuxpressoide_11.0.0_2516/ide/plugins/com.nxp.mcuxpresso.tools.win32_11.0.0.201905131304/tools/bin/../lib/gcc/arm-none-eabi/8.2.1/../../../../arm-none-eabi/lib/thumb/v7e-m+fp/softfp\libcr_c.a(fabs.o)
 .ARM.attributes
                0x00000519       0x32 c:/nxp/mcuxpressoide_11.0.0_2516/ide/plugins/com.nxp.mcuxpresso.tools.win32_11.0.0.201905131304/tools/bin/../lib/gcc/arm-none-eabi/8.2.1/../../../../arm-none-eabi/lib/thumb/v7e-m+fp/softfp\libcr_c.a(fclose.o)
 .ARM.attributes
                0x0000054b       0x32 c:/nxp/mcuxpressoide_11.0.0_2516/ide/plugins/com.nxp.mcuxpresso.tools.win32_11.0.0.201905131304/tools/bin/../lib/gcc/arm-none-eabi/8.2.1/../../../../arm-none-eabi/lib/thumb/v7e-m+fp/softfp\libcr_c.a(fflush.o)
 .ARM.attributes
                0x0000057d       0x32 c:/nxp/mcuxpressoide_11.0.0_2516/ide/plugins/com.nxp.mcuxpresso.tools.win32_11.0.0.201905131304/tools/bin/../lib/gcc/arm-none-eabi/8.2.1/../../../../arm-none-eabi/lib/thumb/v7e-m+fp/softfp\libcr_c.a(fseek.o)
 .ARM.attributes
                0x000005af       0x32 c:/nxp/mcuxpressoide_11.0.0_2516/ide/plugins/com.nxp.mcuxpresso.tools.win32_11.0.0.201905131304/tools/bin/../lib/gcc/arm-none-eabi/8.2.1/../../../../arm-none-eabi/lib/thumb/v7e-m+fp/softfp\libcr_c.a(ftell.o)
 .ARM.attributes
                0x000005e1       0x32 c:/nxp/mcuxpressoide_11.0.0_2516/ide/plugins/com.nxp.mcuxpresso.tools.win32_11.0.0.201905131304/tools/bin/../lib/gcc/arm-none-eabi/8.2.1/../../../../arm-none-eabi/lib/thumb/v7e-m+fp/softfp\libcr_c.a(remove.o)
 .ARM.attributes
                0x00000613       0x32 c:/nxp/mcuxpressoide_11.0.0_2516/ide/plugins/com.nxp.mcuxpresso.tools.win32_11.0.0.201905131304/tools/bin/../lib/gcc/arm-none-eabi/8.2.1/../../../../arm-none-eabi/lib/thumb/v7e-m+fp/softfp\libcr_c.a(strlen.o)
 .ARM.attributes
                0x00000645       0x32 c:/nxp/mcuxpressoide_11.0.0_2516/ide/plugins/com.nxp.mcuxpresso.tools.win32_11.0.0.201905131304/tools/bin/../lib/gcc/arm-none-eabi/8.2.1/../../../../arm-none-eabi/lib/thumb/v7e-m+fp/softfp\libcr_c.a(_do_fflush.o)
 .ARM.attributes
                0x00000677       0x32 c:/nxp/mcuxpressoide_11.0.0_2516/ide/plugins/com.nxp.mcuxpresso.tools.win32_11.0.0.201905131304/tools/bin/../lib/gcc/arm-none-eabi/8.2.1/../../../../arm-none-eabi/lib/thumb/v7e-m+fp/softfp\libcr_c.a(_fflush.o)
 .ARM.attributes
                0x000006a9       0x32 c:/nxp/mcuxpressoide_11.0.0_2516/ide/plugins/com.nxp.mcuxpresso.tools.win32_11.0.0.201905131304/tools/bin/../lib/gcc/arm-none-eabi/8.2.1/../../../../arm-none-eabi/lib/thumb/v7e-m+fp/softfp\libcr_c.a(_writebuf.o)
 .ARM.attributes
                0x000006db       0x32 c:/nxp/mcuxpressoide_11.0.0_2516/ide/plugins/com.nxp.mcuxpresso.tools.win32_11.0.0.201905131304/tools/bin/../lib/gcc/arm-none-eabi/8.2.1/../../../../arm-none-eabi/lib/thumb/v7e-m+fp/softfp\libcr_c.a(alloc.o)
 .ARM.attributes
                0x0000070d       0x32 c:/nxp/mcuxpressoide_11.0.0_2516/ide/plugins/com.nxp.mcuxpresso.tools.win32_11.0.0.201905131304/tools/bin/../lib/gcc/arm-none-eabi/8.2.1/../../../../arm-none-eabi/lib/thumb/v7e-m+fp/softfp\libcr_c.a(_deferredlazyseek.o)
 .ARM.attributes
                0x0000073f       0x32 c:/nxp/mcuxpressoide_11.0.0_2516/ide/plugins/com.nxp.mcuxpresso.tools.win32_11.0.0.201905131304/tools/bin/../lib/gcc/arm-none-eabi/8.2.1/thumb/v7e-m+fp/softfp\libcr_eabihelpers.a(double.o)
 .ARM.attributes
                0x00000771       0x32 c:/nxp/mcuxpressoide_11.0.0_2516/ide/plugins/com.nxp.mcuxpresso.tools.win32_11.0.0.201905131304/tools/bin/../lib/gcc/arm-none-eabi/8.2.1/thumb/v7e-m+fp/softfp\libcr_eabihelpers.a(float.o)
 .ARM.attributes
                0x000007a3       0x20 c:/nxp/mcuxpressoide_11.0.0_2516/ide/plugins/com.nxp.mcuxpresso.tools.win32_11.0.0.201905131304/tools/bin/../lib/gcc/arm-none-eabi/8.2.1/thumb/v7e-m+fp/softfp\libcr_eabihelpers.a(memcpy.o)
 .ARM.attributes
                0x000007c3       0x37 c:/nxp/mcuxpressoide_11.0.0_2516/ide/plugins/com.nxp.mcuxpresso.tools.win32_11.0.0.201905131304/tools/bin/../lib/gcc/arm-none-eabi/8.2.1/../../../../arm-none-eabi/lib/thumb/v7e-m+fp/softfp\libcr_semihost.a(__ciob.o)
 .ARM.attributes
                0x000007fa       0x20 c:/nxp/mcuxpressoide_11.0.0_2516/ide/plugins/com.nxp.mcuxpresso.tools.win32_11.0.0.201905131304/tools/bin/../lib/gcc/arm-none-eabi/8.2.1/../../../../arm-none-eabi/lib/thumb/v7e-m+fp/softfp\libcr_semihost.a(__sys_close.o)
 .ARM.attributes
                0x0000081a       0x20 c:/nxp/mcuxpressoide_11.0.0_2516/ide/plugins/com.nxp.mcuxpresso.tools.win32_11.0.0.201905131304/tools/bin/../lib/gcc/arm-none-eabi/8.2.1/../../../../arm-none-eabi/lib/thumb/v7e-m+fp/softfp\libcr_semihost.a(__sys_flen.o)
 .ARM.attributes
                0x0000083a       0x20 c:/nxp/mcuxpressoide_11.0.0_2516/ide/plugins/com.nxp.mcuxpresso.tools.win32_11.0.0.201905131304/tools/bin/../lib/gcc/arm-none-eabi/8.2.1/../../../../arm-none-eabi/lib/thumb/v7e-m+fp/softfp\libcr_semihost.a(__sys_istty.o)
 .ARM.attributes
                0x0000085a       0x20 c:/nxp/mcuxpressoide_11.0.0_2516/ide/plugins/com.nxp.mcuxpresso.tools.win32_11.0.0.201905131304/tools/bin/../lib/gcc/arm-none-eabi/8.2.1/../../../../arm-none-eabi/lib/thumb/v7e-m+fp/softfp\libcr_semihost.a(__sys_remove.o)
 .ARM.attributes
                0x0000087a       0x20 c:/nxp/mcuxpressoide_11.0.0_2516/ide/plugins/com.nxp.mcuxpresso.tools.win32_11.0.0.201905131304/tools/bin/../lib/gcc/arm-none-eabi/8.2.1/../../../../arm-none-eabi/lib/thumb/v7e-m+fp/softfp\libcr_semihost.a(__sys_seek.o)
 .ARM.attributes
                0x0000089a       0x20 c:/nxp/mcuxpressoide_11.0.0_2516/ide/plugins/com.nxp.mcuxpresso.tools.win32_11.0.0.201905131304/tools/bin/../lib/gcc/arm-none-eabi/8.2.1/../../../../arm-none-eabi/lib/thumb/v7e-m+fp/softfp\libcr_semihost.a(__sys_tmpnam.o)
 .ARM.attributes
                0x000008ba       0x20 c:/nxp/mcuxpressoide_11.0.0_2516/ide/plugins/com.nxp.mcuxpresso.tools.win32_11.0.0.201905131304/tools/bin/../lib/gcc/arm-none-eabi/8.2.1/../../../../arm-none-eabi/lib/thumb/v7e-m+fp/softfp\libcr_semihost.a(__sys_write.o)

.debug_frame    0x00000000     0x1580
 .debug_frame   0x00000000      0x1f8 ./src/main.o
 .debug_frame   0x000001f8       0x5c ./libraries/lpc4337_specific/src/ccu_peripheral.o
 .debug_frame   0x00000254      0x170 ./libraries/lpc4337_specific/src/cr_startup_lpc43xx.o
 .debug_frame   0x000003c4       0x38 ./libraries/lpc4337_specific/src/creg_peripheral.o
 .debug_frame   0x000003fc       0xe8 ./libraries/lpc4337_specific/src/dac_peripheral.o
 .debug_frame   0x000004e4       0xec ./libraries/lpc4337_specific/src/gpdma_peripheral.o
 .debug_frame   0x000005d0      0x380 ./libraries/lpc4337_specific/src/gpio_peripheral.o
 .debug_frame   0x00000950       0x60 ./libraries/lpc4337_specific/src/nvic_peripheral.o
 .debug_frame   0x000009b0       0x60 ./libraries/lpc4337_specific/src/scu_peripheral.o
 .debug_frame   0x00000a10       0x34 ./libraries/lpc4337_specific/src/sysinit.o
 .debug_frame   0x00000a44      0x274 ./libraries/lpc4337_specific/src/timer_peripheral.o
 .debug_frame   0x00000cb8       0xa8 ./libraries/board_specific/src/delay.o
 .debug_frame   0x00000d60      0x158 ./libraries/board_specific/src/gpio_board.o
 .debug_frame   0x00000eb8       0x34 ./libraries/board_specific/src/interrupts_board.o
 .debug_frame   0x00000eec       0x38 C:\Users\Julian\Documents\electronica_digital2\EDU-CIAA-FIRMWARE\lpc_chip_43xx\Debug\liblpc_chip_43xx.a(fpu_init.o)
 .debug_frame   0x00000f24       0xf4 C:\Users\Julian\Documents\electronica_digital2\EDU-CIAA-FIRMWARE\lpc_chip_43xx\Debug\liblpc_chip_43xx.a(sysinit_18xx_43xx.o)
 .debug_frame   0x00001018      0x568 C:\Users\Julian\Documents\electronica_digital2\EDU-CIAA-FIRMWARE\lpc_chip_43xx\Debug\liblpc_chip_43xx.a(clock_18xx_43xx.o)
