main.c:14:5:main	8	static
main.c:71:6:WriteOutputValues	32	static
main.c:96:6:updateLinkedList	16	static
main.c:109:6:ConfigAllButtons	8	static
main.c:126:6:ConfigLeds	8	static
main.c:136:6:ConfigDMA	56	static
main.c:189:6:ConfigDAC	4	static
main.c:200:6:TIMER0_IRQHandler	8	static
main.c:213:6:TIMER1_IRQHandler	8	static
main.c:226:6:TIMER2_IRQHandler	8	static
main.c:239:6:TIMER3_IRQHandler	8	static
main.c:252:6:GPIO0_IRQHandler	8	static
main.c:262:6:GPIO1_IRQHandler	8	static
main.c:269:6:GPIO2_IRQHandler	8	static
main.c:276:6:GPIO3_IRQHandler	8	static
main.c:283:6:DMA_IRQHandler	8	static
