gpio_peripheral.c:24:10:GPIO_GetPortDIR	16	static
gpio_peripheral.c:30:10:GPIO_GetPortSET	16	static
gpio_peripheral.c:36:10:GPIO_GetPortCLR	16	static
gpio_peripheral.c:42:10:GPIO_GetPortNOT	16	static
gpio_peripheral.c:49:10:GPIO_GetPortPIN	16	static
gpio_peripheral.c:63:9:GPIO_GetPinDIR	24	static
gpio_peripheral.c:75:9:GPIO_GetPinSET	24	static
gpio_peripheral.c:85:9:GPIO_GetPinCLR	24	static
gpio_peripheral.c:95:9:GPIO_GetPinNOT	24	static
gpio_peripheral.c:105:9:GPIO_GetPinPIN	24	static
gpio_peripheral.c:118:9:GPIO_GetPinBYTE	16	static
gpio_peripheral.c:128:10:GPIO_GetPinWORD	16	static
gpio_peripheral.c:136:6:GPIO_SetPinDIROutput	16	static
gpio_peripheral.c:143:6:GPIO_SetPinDIRInput	16	static
gpio_peripheral.c:150:6:GPIO_SetPinSET	16	static
gpio_peripheral.c:157:6:GPIO_SetPinCLR	16	static
gpio_peripheral.c:164:6:GPIO_SetPinNOT	16	static
gpio_peripheral.c:175:6:SCU_GPIOIntPinSel	24	static
gpio_peripheral.c:184:6:setEdgeDetectionGPIOInterrupt	16	static
gpio_peripheral.c:191:6:setRiseEdgeGPIOInterrupt	16	static
gpio_peripheral.c:197:6:setFallEdgeGPIOInterrupt	16	static
gpio_peripheral.c:203:6:clearGPIOInterruptFlag	16	static
